Archive member included to satisfy reference by file (symbol)

/opt/st/stm32cubeide_1.19.0/plugins/com.st.stm32cube.ide.mcu.externaltools.gnu-tools-for-stm32.13.3.rel1.linux64_1.0.0.202410170706/tools/bin/../lib/gcc/arm-none-eabi/13.3.1/../../../../arm-none-eabi/lib/thumb/v7e-m+fp/hard/libc_nano.a(libc_a-exit.o)
                              /opt/st/stm32cubeide_1.19.0/plugins/com.st.stm32cube.ide.mcu.externaltools.gnu-tools-for-stm32.13.3.rel1.linux64_1.0.0.202410170706/tools/bin/../lib/gcc/arm-none-eabi/13.3.1/../../../../arm-none-eabi/lib/thumb/v7e-m+fp/hard/crt0.o (exit)
/opt/st/stm32cubeide_1.19.0/plugins/com.st.stm32cube.ide.mcu.externaltools.gnu-tools-for-stm32.13.3.rel1.linux64_1.0.0.202410170706/tools/bin/../lib/gcc/arm-none-eabi/13.3.1/../../../../arm-none-eabi/lib/thumb/v7e-m+fp/hard/libc_nano.a(libc_a-findfp.o)
                              /opt/st/stm32cubeide_1.19.0/plugins/com.st.stm32cube.ide.mcu.externaltools.gnu-tools-for-stm32.13.3.rel1.linux64_1.0.0.202410170706/tools/bin/../lib/gcc/arm-none-eabi/13.3.1/../../../../arm-none-eabi/lib/thumb/v7e-m+fp/hard/libc_nano.a(libc_a-exit.o) (__stdio_exit_handler)
/opt/st/stm32cubeide_1.19.0/plugins/com.st.stm32cube.ide.mcu.externaltools.gnu-tools-for-stm32.13.3.rel1.linux64_1.0.0.202410170706/tools/bin/../lib/gcc/arm-none-eabi/13.3.1/../../../../arm-none-eabi/lib/thumb/v7e-m+fp/hard/libc_nano.a(libc_a-fwalk.o)
                              /opt/st/stm32cubeide_1.19.0/plugins/com.st.stm32cube.ide.mcu.externaltools.gnu-tools-for-stm32.13.3.rel1.linux64_1.0.0.202410170706/tools/bin/../lib/gcc/arm-none-eabi/13.3.1/../../../../arm-none-eabi/lib/thumb/v7e-m+fp/hard/libc_nano.a(libc_a-findfp.o) (_fwalk_sglue)
/opt/st/stm32cubeide_1.19.0/plugins/com.st.stm32cube.ide.mcu.externaltools.gnu-tools-for-stm32.13.3.rel1.linux64_1.0.0.202410170706/tools/bin/../lib/gcc/arm-none-eabi/13.3.1/../../../../arm-none-eabi/lib/thumb/v7e-m+fp/hard/libc_nano.a(libc_a-puts.o)
                              ./Core/Src/main.o (puts)
/opt/st/stm32cubeide_1.19.0/plugins/com.st.stm32cube.ide.mcu.externaltools.gnu-tools-for-stm32.13.3.rel1.linux64_1.0.0.202410170706/tools/bin/../lib/gcc/arm-none-eabi/13.3.1/../../../../arm-none-eabi/lib/thumb/v7e-m+fp/hard/libc_nano.a(libc_a-setvbuf.o)
                              ./Core/Src/main.o (setvbuf)
/opt/st/stm32cubeide_1.19.0/plugins/com.st.stm32cube.ide.mcu.externaltools.gnu-tools-for-stm32.13.3.rel1.linux64_1.0.0.202410170706/tools/bin/../lib/gcc/arm-none-eabi/13.3.1/../../../../arm-none-eabi/lib/thumb/v7e-m+fp/hard/libc_nano.a(libc_a-stdio.o)
                              /opt/st/stm32cubeide_1.19.0/plugins/com.st.stm32cube.ide.mcu.externaltools.gnu-tools-for-stm32.13.3.rel1.linux64_1.0.0.202410170706/tools/bin/../lib/gcc/arm-none-eabi/13.3.1/../../../../arm-none-eabi/lib/thumb/v7e-m+fp/hard/libc_nano.a(libc_a-findfp.o) (__sread)
/opt/st/stm32cubeide_1.19.0/plugins/com.st.stm32cube.ide.mcu.externaltools.gnu-tools-for-stm32.13.3.rel1.linux64_1.0.0.202410170706/tools/bin/../lib/gcc/arm-none-eabi/13.3.1/../../../../arm-none-eabi/lib/thumb/v7e-m+fp/hard/libc_nano.a(libc_a-wbuf.o)
                              /opt/st/stm32cubeide_1.19.0/plugins/com.st.stm32cube.ide.mcu.externaltools.gnu-tools-for-stm32.13.3.rel1.linux64_1.0.0.202410170706/tools/bin/../lib/gcc/arm-none-eabi/13.3.1/../../../../arm-none-eabi/lib/thumb/v7e-m+fp/hard/libc_nano.a(libc_a-puts.o) (__swbuf_r)
/opt/st/stm32cubeide_1.19.0/plugins/com.st.stm32cube.ide.mcu.externaltools.gnu-tools-for-stm32.13.3.rel1.linux64_1.0.0.202410170706/tools/bin/../lib/gcc/arm-none-eabi/13.3.1/../../../../arm-none-eabi/lib/thumb/v7e-m+fp/hard/libc_nano.a(libc_a-wsetup.o)
                              /opt/st/stm32cubeide_1.19.0/plugins/com.st.stm32cube.ide.mcu.externaltools.gnu-tools-for-stm32.13.3.rel1.linux64_1.0.0.202410170706/tools/bin/../lib/gcc/arm-none-eabi/13.3.1/../../../../arm-none-eabi/lib/thumb/v7e-m+fp/hard/libc_nano.a(libc_a-puts.o) (__swsetup_r)
/opt/st/stm32cubeide_1.19.0/plugins/com.st.stm32cube.ide.mcu.externaltools.gnu-tools-for-stm32.13.3.rel1.linux64_1.0.0.202410170706/tools/bin/../lib/gcc/arm-none-eabi/13.3.1/../../../../arm-none-eabi/lib/thumb/v7e-m+fp/hard/libc_nano.a(libc_a-memset.o)
                              /opt/st/stm32cubeide_1.19.0/plugins/com.st.stm32cube.ide.mcu.externaltools.gnu-tools-for-stm32.13.3.rel1.linux64_1.0.0.202410170706/tools/bin/../lib/gcc/arm-none-eabi/13.3.1/../../../../arm-none-eabi/lib/thumb/v7e-m+fp/hard/crt0.o (memset)
/opt/st/stm32cubeide_1.19.0/plugins/com.st.stm32cube.ide.mcu.externaltools.gnu-tools-for-stm32.13.3.rel1.linux64_1.0.0.202410170706/tools/bin/../lib/gcc/arm-none-eabi/13.3.1/../../../../arm-none-eabi/lib/thumb/v7e-m+fp/hard/libc_nano.a(libc_a-closer.o)
[...]
Memory Configuration

Name             Origin             Length             Attributes
RAM              0x20000000         0x00020000         xrw
FLASH            0x08000000         0x00080000         xr
*default*        0x00000000         0xffffffff

Linker script and memory map

LOAD /opt/st/stm32cubeide_1.19.0/plugins/com.st.stm32cube.ide.mcu.externaltools.gnu-tools-for-stm32.13.3.rel1.linux64_1.0.0.202410170706/tools/bin/../lib/gcc/arm-none-eabi/13.3.1/thumb/v7e-m+fp/hard/crti.o
LOAD /opt/st/stm32cubeide_1.19.0/plugins/com.st.stm32cube.ide.mcu.externaltools.gnu-tools-for-stm32.13.3.rel1.linux64_1.0.0.202410170706/tools/bin/../lib/gcc/arm-none-eabi/13.3.1/thumb/v7e-m+fp/hard/crtbegin.o
LOAD /opt/st/stm32cubeide_1.19.0/plugins/com.st.stm32cube.ide.mcu.externaltools.gnu-tools-for-stm32.13.3.rel1.linux64_1.0.0.202410170706/tools/bin/../lib/gcc/arm-none-eabi/13.3.1/../../../../arm-none-eabi/lib/thumb/v7e-m+fp/hard/crt0.o
LOAD ./Core/Src/main.o
LOAD ./Core/Src/stm32f4xx_hal_msp.o
LOAD ./Core/Src/stm32f4xx_hal_timebase_tim.o
LOAD ./Core/Src/stm32f4xx_it.o
LOAD ./Core/Src/syscalls.o
LOAD ./Core/Src/system_stm32f4xx.o
LOAD ./Core/Startup/startup_stm32f446retx.o
LOAD ./Drivers/STM32F4xx_HAL_Driver/Src/stm32f4xx_hal.o
LOAD ./Drivers/STM32F4xx_HAL_Driver/Src/stm32f4xx_hal_cortex.o
LOAD ./Drivers/STM32F4xx_HAL_Driver/Src/stm32f4xx_hal_dma.o
LOAD ./Drivers/STM32F4xx_HAL_Driver/Src/stm32f4xx_hal_dma_ex.o
LOAD ./Drivers/STM32F4xx_HAL_Driver/Src/stm32f4xx_hal_exti.o
LOAD ./Drivers/STM32F4xx_HAL_Driver/Src/stm32f4xx_hal_flash.o
LOAD ./Drivers/STM32F4xx_HAL_Driver/Src/stm32f4xx_hal_flash_ex.o
LOAD ./Drivers/STM32F4xx_HAL_Driver/Src/stm32f4xx_hal_flash_ramfunc.o
LOAD ./Drivers/STM32F4xx_HAL_Driver/Src/stm32f4xx_hal_gpio.o
LOAD ./Drivers/STM32F4xx_HAL_Driver/Src/stm32f4xx_hal_pwr.o
LOAD ./Drivers/STM32F4xx_HAL_Driver/Src/stm32f4xx_hal_pwr_ex.o
LOAD ./Drivers/STM32F4xx_HAL_Driver/Src/stm32f4xx_hal_rcc.o
LOAD ./Drivers/STM32F4xx_HAL_Driver/Src/stm32f4xx_hal_rcc_ex.o
LOAD ./Drivers/STM32F4xx_HAL_Driver/Src/stm32f4xx_hal_tim.o
LOAD ./Drivers/STM32F4xx_HAL_Driver/Src/stm32f4xx_hal_tim_ex.o
LOAD ./ThirdParty/FreeRTOS/croutine.o
LOAD ./ThirdParty/FreeRTOS/event_groups.o
LOAD ./ThirdParty/FreeRTOS/list.o
LOAD ./ThirdParty/FreeRTOS/queue.o
LOAD ./ThirdParty/FreeRTOS/stream_buffer.o
LOAD ./ThirdParty/FreeRTOS/tasks.o
LOAD ./ThirdParty/FreeRTOS/timers.o
LOAD ./ThirdParty/FreeRTOS/portable/GCC/ARM_CM4F/port.o
LOAD ./ThirdParty/FreeRTOS/portable/MemMang/heap_4.o
START GROUP
LOAD /opt/st/stm32cubeide_1.19.0/plugins/com.st.stm32cube.ide.mcu.externaltools.gnu-tools-for-stm32.13.3.rel1.linux64_1.0.0.202410170706/tools/bin/../lib/gcc/arm-none-eabi/13.3.1/../../../../arm-none-eabi/lib/thumb/v7e-m+fp/hard/libc_nano.a
LOAD /opt/st/stm32cubeide_1.19.0/plugins/com.st.stm32cube.ide.mcu.externaltools.gnu-tools-for-stm32.13.3.rel1.linux64_1.0.0.202410170706/tools/bin/../lib/gcc/arm-none-eabi/13.3.1/../../../../arm-none-eabi/lib/thumb/v7e-m+fp/hard/libm.a
END GROUP
START GROUP
LOAD /opt/st/stm32cubeide_1.19.0/plugins/com.st.stm32cube.ide.mcu.externaltools.gnu-tools-for-stm32.13.3.rel1.linux64_1.0.0.202410170706/tools/bin/../lib/gcc/arm-none-eabi/13.3.1/thumb/v7e-m+fp/hard/libgcc.a
LOAD /opt/st/stm32cubeide_1.19.0/plugins/com.st.stm32cube.ide.mcu.externaltools.gnu-tools-for-stm32.13.3.rel1.linux64_1.0.0.202410170706/tools/bin/../lib/gcc/arm-none-eabi/13.3.1/../../../../arm-none-eabi/lib/thumb/v7e-m+fp/hard/libc_nano.a
END GROUP
START GROUP
LOAD /opt/st/stm32cubeide_1.19.0/plugins/com.st.stm32cube.ide.mcu.externaltools.gnu-tools-for-stm32.13.3.rel1.linux64_1.0.0.202410170706/tools/bin/../lib/gcc/arm-none-eabi/13.3.1/thumb/v7e-m+fp/hard/libgcc.a
LOAD /opt/st/stm32cubeide_1.19.0/plugins/com.st.stm32cube.ide.mcu.externaltools.gnu-tools-for-stm32.13.3.rel1.linux64_1.0.0.202410170706/tools/bin/../lib/gcc/arm-none-eabi/13.3.1/../../../../arm-none-eabi/lib/thumb/v7e-m+fp/hard/libc_nano.a
LOAD /opt/st/stm32cubeide_1.19.0/plugins/com.st.stm32cube.ide.mcu.externaltools.gnu-tools-for-stm32.13.3.rel1.linux64_1.0.0.202410170706/tools/bin/../lib/gcc/arm-none-eabi/13.3.1/../../../../arm-none-eabi/lib/thumb/v7e-m+fp/hard/libnosys.a
END GROUP
START GROUP
LOAD /opt/st/stm32cubeide_1.19.0/plugins/com.st.stm32cube.ide.mcu.externaltools.gnu-tools-for-stm32.13.3.rel1.linux64_1.0.0.202410170706/tools/bin/../lib/gcc/arm-none-eabi/13.3.1/thumb/v7e-m+fp/hard/libgcc.a
LOAD /opt/st/stm32cubeide_1.19.0/plugins/com.st.stm32cube.ide.mcu.externaltools.gnu-tools-for-stm32.13.3.rel1.linux64_1.0.0.202410170706/tools/bin/../lib/gcc/arm-none-eabi/13.3.1/../../../../arm-none-eabi/lib/thumb/v7e-m+fp/hard/libc_nano.a
LOAD /opt/st/stm32cubeide_1.19.0/plugins/com.st.stm32cube.ide.mcu.externaltools.gnu-tools-for-stm32.13.3.rel1.linux64_1.0.0.202410170706/tools/bin/../lib/gcc/arm-none-eabi/13.3.1/../../../../arm-none-eabi/lib/thumb/v7e-m+fp/hard/libnosys.a
END GROUP
LOAD /opt/st/stm32cubeide_1.19.0/plugins/com.st.stm32cube.ide.mcu.externaltools.gnu-tools-for-stm32.13.3.rel1.linux64_1.0.0.202410170706/tools/bin/../lib/gcc/arm-none-eabi/13.3.1/thumb/v7e-m+fp/hard/crtend.o
LOAD /opt/st/stm32cubeide_1.19.0/plugins/com.st.stm32cube.ide.mcu.externaltools.gnu-tools-for-stm32.13.3.rel1.linux64_1.0.0.202410170706/tools/bin/../lib/gcc/arm-none-eabi/13.3.1/thumb/v7e-m+fp/hard/crtn.o
                0x20020000                        _estack = (ORIGIN (RAM) + LENGTH (RAM))
                0x00000200                        _Min_Heap_Size = 0x200
                0x00000400                        _Min_Stack_Size = 0x400

.isr_vector     0x08000000      0x1c4
                0x08000000                        . = ALIGN (0x4)
 *(.isr_vector)
 .isr_vector    0x08000000      0x1c4 ./Core/Startup/startup_stm32f446retx.o
                0x08000000                g_pfnVectors
                0x080001c4                        . = ALIGN (0x4)

.text           0x080001d0     0x51d4
                0x080001d0                        . = ALIGN (0x4)
 *(.text)
 .text          0x080001d0       0x40 /opt/st/stm32cubeide_1.19.0/plugins/com.st.stm32cube.ide.mcu.externaltools.gnu-tools-for-stm32.13.3.rel1.linux64_1.0.0.202410170706/tools/bin/../lib/gcc/arm-none-eabi/13.3.1/thumb/v7e-m+fp/hard/crtbegin.o
 .text          0x08000210       0x30 /opt/st/stm32cubeide_1.19.0/plugins/com.st.stm32cube.ide.mcu.externaltools.gnu-tools-for-stm32.13.3.rel1.linux64_1.0.0.202410170706/tools/bin/../lib/gcc/arm-none-eabi/13.3.1/thumb/v7e-m+fp/hard/libgcc.a(_aeabi_uldivmod.o)
                0x08000210                __aeabi_uldivmod
 .text          0x08000240      0x2f8 /opt/st/stm32cubeide_1.19.0/plugins/com.st.stm32cube.ide.mcu.externaltools.gnu-tools-for-stm32.13.3.rel1.linux64_1.0.0.202410170706/tools/bin/../lib/gcc/arm-none-eabi/13.3.1/thumb/v7e-m+fp/hard/libgcc.a(_udivmoddi4.o)
                0x08000240                __udivmoddi4
 .text          0x08000538        0x4 /opt/st/stm32cubeide_1.19.0/plugins/com.st.stm32cube.ide.mcu.externaltools.gnu-tools-for-stm32.13.3.rel1.linux64_1.0.0.202410170706/tools/bin/../lib/gcc/arm-none-eabi/13.3.1/thumb/v7e-m+fp/hard/libgcc.a(_dvmd_tls.o)
                0x08000538                __aeabi_ldiv0
                0x08000538                __aeabi_idiv0
 *(.text*)
 .text.main     0x0800053c       0xb0 ./Core/Src/main.o
                0x0800053c                main
 .text.SystemClock_Config
                0x080005ec       0xc0 ./Core/Src/main.o
                0x080005ec                SystemClock_Config
 .text.MX_GPIO_Init
                0x080006ac       0xfc ./Core/Src/main.o
 .text.task1_handler
                0x080007a8       0x28 ./Core/Src/main.o
 .text.task2_handler
                0x080007d0       0x28 ./Core/Src/main.o
 .text.HAL_TIM_PeriodElapsedCallback
                0x080007f8       0x24 ./Core/Src/main.o
                0x080007f8                HAL_TIM_PeriodElapsedCallback
 .text.Error_Handler
                0x0800081c        0xc ./Core/Src/main.o
                0x0800081c                Error_Handler
 .text.HAL_MspInit
                0x08000828       0x50 ./Core/Src/stm32f4xx_hal_msp.o
                0x08000828                HAL_MspInit
 .text.HAL_InitTick
                0x08000878       0xf8 ./Core/Src/stm32f4xx_hal_timebase_tim.o
                0x08000878                HAL_InitTick
 .text.NMI_Handler
                0x08000970        0x8 ./Core/Src/stm32f4xx_it.o
                0x08000970                NMI_Handler
 .text.HardFault_Handler
                0x08000978        0x8 ./Core/Src/stm32f4xx_it.o
                0x08000978                HardFault_Handler
 .text.MemManage_Handler
                0x08000980        0x8 ./Core/Src/stm32f4xx_it.o
                0x08000980                MemManage_Handler
 .text.BusFault_Handler
                0x08000988        0x8 ./Core/Src/stm32f4xx_it.o
                0x08000988                BusFault_Handler
 .text.UsageFault_Handler
                0x08000990        0x8 ./Core/Src/stm32f4xx_it.o
                0x08000990                UsageFault_Handler
 .text.DebugMon_Handler
                0x08000998        0xe ./Core/Src/stm32f4xx_it.o
                0x08000998                DebugMon_Handler
 *fill*         0x080009a6        0x2 
 .text.TIM6_DAC_IRQHandler
                0x080009a8       0x14 ./Core/Src/stm32f4xx_it.o
                0x080009a8                TIM6_DAC_IRQHandler
 .text.ITM_SendChar
                0x080009bc       0x50 ./Core/Src/syscalls.o
                0x080009bc                ITM_SendChar
 .text._read    0x08000a0c       0x3a ./Core/Src/syscalls.o
                0x08000a0c                _read
 .text._write   0x08000a46       0x38 ./Core/Src/syscalls.o
                0x08000a46                _write
 .text._close   0x08000a7e       0x18 ./Core/Src/syscalls.o
                0x08000a7e                _close
 .text._fstat   0x08000a96       0x20 ./Core/Src/syscalls.o
                0x08000a96                _fstat
 .text._isatty  0x08000ab6       0x16 ./Core/Src/syscalls.o
                0x08000ab6                _isatty
 .text._lseek   0x08000acc       0x1a ./Core/Src/syscalls.o
                0x08000acc                _lseek
 *fill*         0x08000ae6        0x2 
 .text.SystemInit
                0x08000ae8       0x24 ./Core/Src/system_stm32f4xx.o
                0x08000ae8                SystemInit
 .text.Reset_Handler
                0x08000b0c       0x50 ./Core/Startup/startup_stm32f446retx.o
                0x08000b0c                Reset_Handler
 .text.Default_Handler
                0x08000b5c        0x2 ./Core/Startup/startup_stm32f446retx.o
                0x08000b5c                RTC_Alarm_IRQHandler
                0x08000b5c                EXTI2_IRQHandler
                0x08000b5c                TIM8_CC_IRQHandler
                0x08000b5c                FMPI2C1_EV_IRQHandler
                0x08000b5c                SPI4_IRQHandler
                0x08000b5c                TIM1_CC_IRQHandler
                0x08000b5c                DMA2_Stream5_IRQHandler
                0x08000b5c                DMA1_Stream5_IRQHandler
                0x08000b5c                PVD_IRQHandler
                0x08000b5c                SDIO_IRQHandler
                0x08000b5c                TAMP_STAMP_IRQHandler
                0x08000b5c                CAN2_RX1_IRQHandler
                0x08000b5c                EXTI3_IRQHandler
                0x08000b5c                TIM8_TRG_COM_TIM14_IRQHandler
                0x08000b5c                TIM1_UP_TIM10_IRQHandler
                0x08000b5c                TIM8_UP_TIM13_IRQHandler
                0x08000b5c                I2C3_ER_IRQHandler
                0x08000b5c                EXTI0_IRQHandler
                0x08000b5c                I2C2_EV_IRQHandler
                0x08000b5c                DMA1_Stream2_IRQHandler
                0x08000b5c                CAN1_RX0_IRQHandler
                0x08000b5c                FPU_IRQHandler
                0x08000b5c                OTG_HS_WKUP_IRQHandler
                0x08000b5c                CAN2_SCE_IRQHandler
                0x08000b5c                DMA2_Stream2_IRQHandler
                0x08000b5c                SPI1_IRQHandler
                0x08000b5c                TIM1_BRK_TIM9_IRQHandler
                0x08000b5c                DCMI_IRQHandler
                0x08000b5c                CAN2_RX0_IRQHandler
                0x08000b5c                DMA2_Stream3_IRQHandler
                0x08000b5c                SAI2_IRQHandler
                0x08000b5c                USART6_IRQHandler
                0x08000b5c                USART3_IRQHandler
                0x08000b5c                CAN1_RX1_IRQHandler
                0x08000b5c                UART5_IRQHandler
                0x08000b5c                DMA2_Stream0_IRQHandler
                0x08000b5c                TIM4_IRQHandler
                0x08000b5c                QUADSPI_IRQHandler
                0x08000b5c                I2C1_EV_IRQHandler
                0x08000b5c                DMA1_Stream6_IRQHandler
                0x08000b5c                DMA1_Stream1_IRQHandler
                0x08000b5c                UART4_IRQHandler
                0x08000b5c                TIM3_IRQHandler
                0x08000b5c                RCC_IRQHandler
                0x08000b5c                TIM8_BRK_TIM12_IRQHandler
                0x08000b5c                Default_Handler
                0x08000b5c                CEC_IRQHandler
                0x08000b5c                EXTI15_10_IRQHandler
                0x08000b5c                ADC_IRQHandler
                0x08000b5c                DMA1_Stream7_IRQHandler
                0x08000b5c                TIM7_IRQHandler
                0x08000b5c                CAN2_TX_IRQHandler
                0x08000b5c                TIM5_IRQHandler
                0x08000b5c                DMA2_Stream7_IRQHandler
                0x08000b5c                I2C3_EV_IRQHandler
                0x08000b5c                EXTI9_5_IRQHandler
                0x08000b5c                RTC_WKUP_IRQHandler
                0x08000b5c                SPDIF_RX_IRQHandler
                0x08000b5c                SPI2_IRQHandler
                0x08000b5c                OTG_HS_EP1_IN_IRQHandler
                0x08000b5c                DMA1_Stream0_IRQHandler
                0x08000b5c                CAN1_TX_IRQHandler
                0x08000b5c                FMPI2C1_ER_IRQHandler
                0x08000b5c                EXTI4_IRQHandler
                0x08000b5c                OTG_HS_EP1_OUT_IRQHandler
                0x08000b5c                WWDG_IRQHandler
                0x08000b5c                TIM2_IRQHandler
                0x08000b5c                OTG_FS_WKUP_IRQHandler
                0x08000b5c                TIM1_TRG_COM_TIM11_IRQHandler
                0x08000b5c                OTG_HS_IRQHandler
                0x08000b5c                EXTI1_IRQHandler
                0x08000b5c                USART2_IRQHandler
                0x08000b5c                I2C2_ER_IRQHandler
                0x08000b5c                DMA2_Stream1_IRQHandler
                0x08000b5c                CAN1_SCE_IRQHandler
                0x08000b5c                FLASH_IRQHandler
                0x08000b5c                DMA2_Stream4_IRQHandler
                0x08000b5c                USART1_IRQHandler
                0x08000b5c                OTG_FS_IRQHandler
                0x08000b5c                SPI3_IRQHandler
                0x08000b5c                DMA1_Stream4_IRQHandler
                0x08000b5c                I2C1_ER_IRQHandler
                0x08000b5c                FMC_IRQHandler
                0x08000b5c                DMA2_Stream6_IRQHandler
                0x08000b5c                SAI1_IRQHandler
                0x08000b5c                DMA1_Stream3_IRQHandler
 *fill*         0x08000b5e        0x2 
 .text.HAL_Init
                0x08000b60       0x44 ./Drivers/STM32F4xx_HAL_Driver/Src/stm32f4xx_hal.o
                0x08000b60                HAL_Init
 .text.HAL_IncTick
                0x08000ba4       0x28 ./Drivers/STM32F4xx_HAL_Driver/Src/stm32f4xx_hal.o
                0x08000ba4                HAL_IncTick
 .text.HAL_GetTick
                0x08000bcc       0x18 ./Drivers/STM32F4xx_HAL_Driver/Src/stm32f4xx_hal.o
                0x08000bcc                HAL_GetTick
 .text.__NVIC_SetPriorityGrouping
                0x08000be4       0x48 ./Drivers/STM32F4xx_HAL_Driver/Src/stm32f4xx_hal_cortex.o
 .text.__NVIC_GetPriorityGrouping
                0x08000c2c       0x1c ./Drivers/STM32F4xx_HAL_Driver/Src/stm32f4xx_hal_cortex.o
 .text.__NVIC_EnableIRQ
                0x08000c48       0x3c ./Drivers/STM32F4xx_HAL_Driver/Src/stm32f4xx_hal_cortex.o
 .text.__NVIC_SetPriority
                0x08000c84       0x54 ./Drivers/STM32F4xx_HAL_Driver/Src/stm32f4xx_hal_cortex.o
 .text.NVIC_EncodePriority
                0x08000cd8       0x66 ./Drivers/STM32F4xx_HAL_Driver/Src/stm32f4xx_hal_cortex.o
 .text.HAL_NVIC_SetPriorityGrouping
                0x08000d3e       0x16 ./Drivers/STM32F4xx_HAL_Driver/Src/stm32f4xx_hal_cortex.o
                0x08000d3e                HAL_NVIC_SetPriorityGrouping
 .text.HAL_NVIC_SetPriority
                0x08000d54       0x38 ./Drivers/STM32F4xx_HAL_Driver/Src/stm32f4xx_hal_cortex.o
                0x08000d54                HAL_NVIC_SetPriority
 .text.HAL_NVIC_EnableIRQ
                0x08000d8c       0x1c ./Drivers/STM32F4xx_HAL_Driver/Src/stm32f4xx_hal_cortex.o
                0x08000d8c                HAL_NVIC_EnableIRQ
 .text.HAL_GPIO_Init
                0x08000da8      0x328 ./Drivers/STM32F4xx_HAL_Driver/Src/stm32f4xx_hal_gpio.o
                0x08000da8                HAL_GPIO_Init
 .text.HAL_GPIO_WritePin
                0x080010d0       0x32 ./Drivers/STM32F4xx_HAL_Driver/Src/stm32f4xx_hal_gpio.o
                0x080010d0                HAL_GPIO_WritePin
 *fill*         0x08001102        0x2 
 .text.HAL_RCC_ClockConfig
                0x08001104      0x1cc ./Drivers/STM32F4xx_HAL_Driver/Src/stm32f4xx_hal_rcc.o
                0x08001104                HAL_RCC_ClockConfig
 .text.HAL_RCC_GetHCLKFreq
                0x080012d0       0x18 ./Drivers/STM32F4xx_HAL_Driver/Src/stm32f4xx_hal_rcc.o
                0x080012d0                HAL_RCC_GetHCLKFreq
 .text.HAL_RCC_GetPCLK1Freq
                0x080012e8       0x28 ./Drivers/STM32F4xx_HAL_Driver/Src/stm32f4xx_hal_rcc.o
                0x080012e8                HAL_RCC_GetPCLK1Freq
 .text.HAL_RCC_GetClockConfig
                0x08001310       0x64 ./Drivers/STM32F4xx_HAL_Driver/Src/stm32f4xx_hal_rcc.o
                0x08001310                HAL_RCC_GetClockConfig
 .text.HAL_RCC_GetSysClockFreq
                0x08001374      0x460 ./Drivers/STM32F4xx_HAL_Driver/Src/stm32f4xx_hal_rcc_ex.o
                0x08001374                HAL_RCC_GetSysClockFreq
 .text.HAL_RCC_OscConfig
                0x080017d4      0x53c ./Drivers/STM32F4xx_HAL_Driver/Src/stm32f4xx_hal_rcc_ex.o
                0x080017d4                HAL_RCC_OscConfig
 .text.HAL_TIM_Base_Init
                0x08001d10       0x9e ./Drivers/STM32F4xx_HAL_Driver/Src/stm32f4xx_hal_tim.o
                0x08001d10                HAL_TIM_Base_Init
 .text.HAL_TIM_Base_MspInit
                0x08001dae       0x14 ./Drivers/STM32F4xx_HAL_Driver/Src/stm32f4xx_hal_tim.o
                0x08001dae                HAL_TIM_Base_MspInit
 *fill*         0x08001dc2        0x2 
 .text.HAL_TIM_Base_Start_IT
                0x08001dc4       0xe0 ./Drivers/STM32F4xx_HAL_Driver/Src/stm32f4xx_hal_tim.o
                0x08001dc4                HAL_TIM_Base_Start_IT
 .text.HAL_TIM_IRQHandler
                0x08001ea4      0x1e0 ./Drivers/STM32F4xx_HAL_Driver/Src/stm32f4xx_hal_tim.o
                0x08001ea4                HAL_TIM_IRQHandler
 .text.HAL_TIM_OC_DelayElapsedCallback
                0x08002084       0x14 ./Drivers/STM32F4xx_HAL_Driver/Src/stm32f4xx_hal_tim.o
                0x08002084                HAL_TIM_OC_DelayElapsedCallback
 .text.HAL_TIM_IC_CaptureCallback
                0x08002098       0x14 ./Drivers/STM32F4xx_HAL_Driver/Src/stm32f4xx_hal_tim.o
                0x08002098                HAL_TIM_IC_CaptureCallback
 .text.HAL_TIM_PWM_PulseFinishedCallback
                0x080020ac       0x14 ./Drivers/STM32F4xx_HAL_Driver/Src/stm32f4xx_hal_tim.o
                0x080020ac                HAL_TIM_PWM_PulseFinishedCallback
 .text.HAL_TIM_TriggerCallback
                0x080020c0       0x14 ./Drivers/STM32F4xx_HAL_Driver/Src/stm32f4xx_hal_tim.o
                0x080020c0                HAL_TIM_TriggerCallback
 .text.TIM_Base_SetConfig
                0x080020d4      0x14c ./Drivers/STM32F4xx_HAL_Driver/Src/stm32f4xx_hal_tim.o
                0x080020d4                TIM_Base_SetConfig
 .text.HAL_TIMEx_CommutCallback
                0x08002220       0x14 ./Drivers/STM32F4xx_HAL_Driver/Src/stm32f4xx_hal_tim_ex.o
                0x08002220                HAL_TIMEx_CommutCallback
 .text.HAL_TIMEx_BreakCallback
                0x08002234       0x14 ./Drivers/STM32F4xx_HAL_Driver/Src/stm32f4xx_hal_tim_ex.o
                0x08002234                HAL_TIMEx_BreakCallback
 .text.vListInitialise
                0x08002248       0x40 ./ThirdParty/FreeRTOS/list.o
                0x08002248                vListInitialise
 .text.vListInitialiseItem
                0x08002288       0x1a ./ThirdParty/FreeRTOS/list.o
                0x08002288                vListInitialiseItem
 .text.vListInsert
                0x080022a2       0x72 ./ThirdParty/FreeRTOS/list.o
                0x080022a2                vListInsert
 .text.uxListRemove
                0x08002314       0x54 ./ThirdParty/FreeRTOS/list.o
                0x08002314                uxListRemove
 .text.xQueueGenericReset
                0x08002368      0x108 ./ThirdParty/FreeRTOS/queue.o
                0x08002368                xQueueGenericReset
 .text.xQueueGenericCreateStatic
                0x08002470       0xc2 ./ThirdParty/FreeRTOS/queue.o
                0x08002470                xQueueGenericCreateStatic
 .text.prvInitialiseNewQueue
                0x08002532       0x3e ./ThirdParty/FreeRTOS/queue.o
 .text.xQueueReceive
                0x08002570      0x1b0 ./ThirdParty/FreeRTOS/queue.o
                0x08002570                xQueueReceive
 .text.prvCopyDataFromQueue
                0x08002720       0x4c ./ThirdParty/FreeRTOS/queue.o
 .text.prvUnlockQueue
                0x0800276c       0xa4 ./ThirdParty/FreeRTOS/queue.o
 .text.prvIsQueueEmpty
                0x08002810       0x2c ./ThirdParty/FreeRTOS/queue.o
 .text.vQueueWaitForMessageRestricted
                0x0800283c       0x68 ./ThirdParty/FreeRTOS/queue.o
                0x0800283c                vQueueWaitForMessageRestricted
 .text.prvCreateStaticTask
                0x080028a4       0xc2 ./ThirdParty/FreeRTOS/tasks.o
 .text.xTaskCreateStatic
                0x08002966       0x48 ./ThirdParty/FreeRTOS/tasks.o
                0x08002966                xTaskCreateStatic
 .text.prvCreateTask
                0x080029ae       0x80 ./ThirdParty/FreeRTOS/tasks.o
 .text.xTaskCreate
                0x08002a2e       0x46 ./ThirdParty/FreeRTOS/tasks.o
                0x08002a2e                xTaskCreate
 .text.prvInitialiseNewTask
                0x08002a74      0x110 ./ThirdParty/FreeRTOS/tasks.o
 .text.prvAddNewTaskToReadyList
                0x08002b84      0x104 ./ThirdParty/FreeRTOS/tasks.o
 .text.prvCreateIdleTasks
                0x08002c88       0xd0 ./ThirdParty/FreeRTOS/tasks.o
 .text.vTaskStartScheduler
                0x08002d58       0x88 ./ThirdParty/FreeRTOS/tasks.o
                0x08002d58                vTaskStartScheduler
 .text.vTaskSuspendAll
                0x08002de0       0x1c ./ThirdParty/FreeRTOS/tasks.o
                0x08002de0                vTaskSuspendAll
 .text.xTaskResumeAll
                0x08002dfc      0x1f4 ./ThirdParty/FreeRTOS/tasks.o
                0x08002dfc                xTaskResumeAll
 .text.xTaskGetTickCount
                0x08002ff0       0x20 ./ThirdParty/FreeRTOS/tasks.o
                0x08002ff0                xTaskGetTickCount
 .text.xTaskIncrementTick
                0x08003010      0x1f0 ./ThirdParty/FreeRTOS/tasks.o
                0x08003010                xTaskIncrementTick
 .text.vTaskSwitchContext
                0x08003200       0xc0 ./ThirdParty/FreeRTOS/tasks.o
                0x08003200                vTaskSwitchContext
 .text.vTaskPlaceOnEventList
                0x080032c0       0x4c ./ThirdParty/FreeRTOS/tasks.o
                0x080032c0                vTaskPlaceOnEventList
 .text.vTaskPlaceOnEventListRestricted
                0x0800330c       0x8c ./ThirdParty/FreeRTOS/tasks.o
                0x0800330c                vTaskPlaceOnEventListRestricted
 .text.xTaskRemoveFromEventList
                0x08003398      0x1b4 ./ThirdParty/FreeRTOS/tasks.o
                0x08003398                xTaskRemoveFromEventList
 .text.vTaskInternalSetTimeOutState
                0x0800354c       0x2c ./ThirdParty/FreeRTOS/tasks.o
                0x0800354c                vTaskInternalSetTimeOutState
 .text.xTaskCheckForTimeOut
                0x08003578       0xd0 ./ThirdParty/FreeRTOS/tasks.o
                0x08003578                xTaskCheckForTimeOut
 .text.vTaskMissedYield
                0x08003648       0x18 ./ThirdParty/FreeRTOS/tasks.o
                0x08003648                vTaskMissedYield
 .text.prvIdleTask
                0x08003660       0x24 ./ThirdParty/FreeRTOS/tasks.o
 .text.prvInitialiseTaskLists
                0x08003684       0x80 ./ThirdParty/FreeRTOS/tasks.o
 .text.prvCheckTasksWaitingTermination
                0x08003704       0x5c ./ThirdParty/FreeRTOS/tasks.o
 .text.prvDeleteTCB
                0x08003760       0x60 ./ThirdParty/FreeRTOS/tasks.o
 .text.prvResetNextTaskUnblockTime
                0x080037c0       0x38 ./ThirdParty/FreeRTOS/tasks.o
 .text.xTaskGetSchedulerState
                0x080037f8       0x3c ./ThirdParty/FreeRTOS/tasks.o
                0x080037f8                xTaskGetSchedulerState
 .text.prvAddCurrentTaskToDelayedList
                0x08003834       0xe0 ./ThirdParty/FreeRTOS/tasks.o
 .text.vApplicationGetIdleTaskMemory
                0x08003914       0x34 ./ThirdParty/FreeRTOS/tasks.o
                0x08003914                vApplicationGetIdleTaskMemory
 .text.vApplicationGetTimerTaskMemory
                0x08003948       0x34 ./ThirdParty/FreeRTOS/tasks.o
                0x08003948                vApplicationGetTimerTaskMemory
 .text.xTimerCreateTimerTask
                0x0800397c       0x94 ./ThirdParty/FreeRTOS/timers.o
                0x0800397c                xTimerCreateTimerTask
 .text.prvReloadTimer
                0x08003a10       0x42 ./ThirdParty/FreeRTOS/timers.o
 *fill*         0x08003a52        0x2 
 .text.prvProcessExpiredTimer
                0x08003a54       0x60 ./ThirdParty/FreeRTOS/timers.o
 .text.prvTimerTask
                0x08003ab4       0x26 ./ThirdParty/FreeRTOS/timers.o
 *fill*         0x08003ada        0x2 
 .text.prvProcessTimerOrBlockTask
                0x08003adc       0x9c ./ThirdParty/FreeRTOS/timers.o
 .text.prvGetNextExpireTime
                0x08003b78       0x48 ./ThirdParty/FreeRTOS/timers.o
 .text.prvSampleTimeNow
                0x08003bc0       0x40 ./ThirdParty/FreeRTOS/timers.o
 .text.prvInsertTimerInActiveList
                0x08003c00       0x84 ./ThirdParty/FreeRTOS/timers.o
 .text.prvProcessReceivedCommands
                0x08003c84      0x190 ./ThirdParty/FreeRTOS/timers.o
 .text.prvSwitchTimerLists
                0x08003e14       0x4c ./ThirdParty/FreeRTOS/timers.o
 .text.prvCheckForValidListAndQueue
                0x08003e60       0x68 ./ThirdParty/FreeRTOS/timers.o
 .text.pxPortInitialiseStack
                0x08003ec8       0x68 ./ThirdParty/FreeRTOS/portable/GCC/ARM_CM4F/port.o
                0x08003ec8                pxPortInitialiseStack
 .text.prvTaskExitError
                0x08003f30       0x5c ./ThirdParty/FreeRTOS/portable/GCC/ARM_CM4F/port.o
 *fill*         0x08003f8c        0x4 
 .text.SVC_Handler
                0x08003f90       0x28 ./ThirdParty/FreeRTOS/portable/GCC/ARM_CM4F/port.o
                0x08003f90                SVC_Handler
 .text.prvPortStartFirstTask
                0x08003fb8       0x2c ./ThirdParty/FreeRTOS/portable/GCC/ARM_CM4F/port.o
 .text.xPortStartScheduler
                0x08003fe4      0x1e0 ./ThirdParty/FreeRTOS/portable/GCC/ARM_CM4F/port.o
                0x08003fe4                xPortStartScheduler
 .text.vPortEnterCritical
                0x080041c4       0x64 ./ThirdParty/FreeRTOS/portable/GCC/ARM_CM4F/port.o
                0x080041c4                vPortEnterCritical
 .text.vPortExitCritical
                0x08004228       0x54 ./ThirdParty/FreeRTOS/portable/GCC/ARM_CM4F/port.o
                0x08004228                vPortExitCritical
 *fill*         0x0800427c        0x4 
 .text.PendSV_Handler
                0x08004280       0x68 ./ThirdParty/FreeRTOS/portable/GCC/ARM_CM4F/port.o
                0x08004280                PendSV_Handler
 .text.SysTick_Handler
                0x080042e8       0x44 ./ThirdParty/FreeRTOS/portable/GCC/ARM_CM4F/port.o
                0x080042e8                SysTick_Handler
 .text.vPortSetupTimerInterrupt
                0x0800432c       0x34 ./ThirdParty/FreeRTOS/portable/GCC/ARM_CM4F/port.o
                0x0800432c                vPortSetupTimerInterrupt
 .text.vPortEnableVFP
                0x08004360       0x18 ./ThirdParty/FreeRTOS/portable/GCC/ARM_CM4F/port.o
 .text.pvPortMalloc
                0x08004378      0x264 ./ThirdParty/FreeRTOS/portable/MemMang/heap_4.o
                0x08004378                pvPortMalloc
 .text.vPortFree
                0x080045dc      0x10c ./ThirdParty/FreeRTOS/portable/MemMang/heap_4.o
                0x080045dc                vPortFree
 .text.prvHeapInit
                0x080046e8       0xb4 ./ThirdParty/FreeRTOS/portable/MemMang/heap_4.o
 .text.prvInsertBlockIntoFreeList
                0x0800479c       0xf4 ./ThirdParty/FreeRTOS/portable/MemMang/heap_4.o
 .text.std      0x08004890       0x6c /opt/st/stm32cubeide_1.19.0/plugins/com.st.stm32cube.ide.mcu.externaltools.gnu-tools-for-stm32.13.3.rel1.linux64_1.0.0.202410170706/tools/bin/../lib/gcc/arm-none-eabi/13.3.1/../../../../arm-none-eabi/lib/thumb/v7e-m+fp/hard/libc_nano.a(libc_a-findfp.o)
 .text.stdio_exit_handler
                0x080048fc       0x18 /opt/st/stm32cubeide_1.19.0/plugins/com.st.stm32cube.ide.mcu.externaltools.gnu-tools-for-stm32.13.3.rel1.linux64_1.0.0.202410170706/tools/bin/../lib/gcc/arm-none-eabi/13.3.1/../../../../arm-none-eabi/lib/thumb/v7e-m+fp/hard/libc_nano.a(libc_a-findfp.o)
 .text.cleanup_stdio
                0x08004914       0x40 /opt/st/stm32cubeide_1.19.0/plugins/com.st.stm32cube.ide.mcu.externaltools.gnu-tools-for-stm32.13.3.rel1.linux64_1.0.0.202410170706/tools/bin/../lib/gcc/arm-none-eabi/13.3.1/../../../../arm-none-eabi/lib/thumb/v7e-m+fp/hard/libc_nano.a(libc_a-findfp.o)
 .text.global_stdio_init.part.0
                0x08004954       0x3c /opt/st/stm32cubeide_1.19.0/plugins/com.st.stm32cube.ide.mcu.externaltools.gnu-tools-for-stm32.13.3.rel1.linux64_1.0.0.202410170706/tools/bin/../lib/gcc/arm-none-eabi/13.3.1/../../../../arm-none-eabi/lib/thumb/v7e-m+fp/hard/libc_nano.a(libc_a-findfp.o)
 .text.__sfp_lock_acquire
                0x08004990        0xc /opt/st/stm32cubeide_1.19.0/plugins/com.st.stm32cube.ide.mcu.externaltools.gnu-tools-for-stm32.13.3.rel1.linux64_1.0.0.202410170706/tools/bin/../lib/gcc/arm-none-eabi/13.3.1/../../../../arm-none-eabi/lib/thumb/v7e-m+fp/hard/libc_nano.a(libc_a-findfp.o)
                0x08004990                __sfp_lock_acquire
 .text.__sfp_lock_release
                0x0800499c        0xc /opt/st/stm32cubeide_1.19.0/plugins/com.st.stm32cube.ide.mcu.externaltools.gnu-tools-for-stm32.13.3.rel1.linux64_1.0.0.202410170706/tools/bin/../lib/gcc/arm-none-eabi/13.3.1/../../../../arm-none-eabi/lib/thumb/v7e-m+fp/hard/libc_nano.a(libc_a-findfp.o)
                0x0800499c                __sfp_lock_release
 .text.__sinit  0x080049a8       0x30 /opt/st/stm32cubeide_1.19.0/plugins/com.st.stm32cube.ide.mcu.externaltools.gnu-tools-for-stm32.13.3.rel1.linux64_1.0.0.202410170706/tools/bin/../lib/gcc/arm-none-eabi/13.3.1/../../../../arm-none-eabi/lib/thumb/v7e-m+fp/hard/libc_nano.a(libc_a-findfp.o)
                0x080049a8                __sinit
 .text._fwalk_sglue
                0x080049d8       0x3c /opt/st/stm32cubeide_1.19.0/plugins/com.st.stm32cube.ide.mcu.externaltools.gnu-tools-for-stm32.13.3.rel1.linux64_1.0.0.202410170706/tools/bin/../lib/gcc/arm-none-eabi/13.3.1/../../../../arm-none-eabi/lib/thumb/v7e-m+fp/hard/libc_nano.a(libc_a-fwalk.o)
                0x080049d8                _fwalk_sglue
 .text._puts_r  0x08004a14       0xaa /opt/st/stm32cubeide_1.19.0/plugins/com.st.stm32cube.ide.mcu.externaltools.gnu-tools-for-stm32.13.3.rel1.linux64_1.0.0.202410170706/tools/bin/../lib/gcc/arm-none-eabi/13.3.1/../../../../arm-none-eabi/lib/thumb/v7e-m+fp/hard/libc_nano.a(libc_a-puts.o)
                0x08004a14                _puts_r
 *fill*         0x08004abe        0x2 
 .text.puts     0x08004ac0       0x10 /opt/st/stm32cubeide_1.19.0/plugins/com.st.stm32cube.ide.mcu.externaltools.gnu-tools-for-stm32.13.3.rel1.linux64_1.0.0.202410170706/tools/bin/../lib/gcc/arm-none-eabi/13.3.1/../../../../arm-none-eabi/lib/thumb/v7e-m+fp/hard/libc_nano.a(libc_a-puts.o)
                0x08004ac0                puts
 .text.setvbuf  0x08004ad0      0x168 /opt/st/stm32cubeide_1.19.0/plugins/com.st.stm32cube.ide.mcu.externaltools.gnu-tools-for-stm32.13.3.rel1.linux64_1.0.0.202410170706/tools/bin/../lib/gcc/arm-none-eabi/13.3.1/../../../../arm-none-eabi/lib/thumb/v7e-m+fp/hard/libc_nano.a(libc_a-setvbuf.o)
                0x08004ad0                setvbuf
 .text.__sread  0x08004c38       0x22 /opt/st/stm32cubeide_1.19.0/plugins/com.st.stm32cube.ide.mcu.externaltools.gnu-tools-for-stm32.13.3.rel1.linux64_1.0.0.202410170706/tools/bin/../lib/gcc/arm-none-eabi/13.3.1/../../../../arm-none-eabi/lib/thumb/v7e-m+fp/hard/libc_nano.a(libc_a-stdio.o)
                0x08004c38                __sread
 .text.__swrite
                0x08004c5a       0x38 /opt/st/stm32cubeide_1.19.0/plugins/com.st.stm32cube.ide.mcu.externaltools.gnu-tools-for-stm32.13.3.rel1.linux64_1.0.0.202410170706/tools/bin/../lib/gcc/arm-none-eabi/13.3.1/../../../../arm-none-eabi/lib/thumb/v7e-m+fp/hard/libc_nano.a(libc_a-stdio.o)
                0x08004c5a                __swrite
 .text.__sseek  0x08004c92       0x24 /opt/st/stm32cubeide_1.19.0/plugins/com.st.stm32cube.ide.mcu.externaltools.gnu-tools-for-stm32.13.3.rel1.linux64_1.0.0.202410170706/tools/bin/../lib/gcc/arm-none-eabi/13.3.1/../../../../arm-none-eabi/lib/thumb/v7e-m+fp/hard/libc_nano.a(libc_a-stdio.o)
                0x08004c92                __sseek
 .text.__sclose
                0x08004cb6        0x8 /opt/st/stm32cubeide_1.19.0/plugins/com.st.stm32cube.ide.mcu.externaltools.gnu-tools-for-stm32.13.3.rel1.linux64_1.0.0.202410170706/tools/bin/../lib/gcc/arm-none-eabi/13.3.1/../../../../arm-none-eabi/lib/thumb/v7e-m+fp/hard/libc_nano.a(libc_a-stdio.o)
                0x08004cb6                __sclose
 .text.__swbuf_r
                0x08004cbe       0x7c /opt/st/stm32cubeide_1.19.0/plugins/com.st.stm32cube.ide.mcu.externaltools.gnu-tools-for-stm32.13.3.rel1.linux64_1.0.0.202410170706/tools/bin/../lib/gcc/arm-none-eabi/13.3.1/../../../../arm-none-eabi/lib/thumb/v7e-m+fp/hard/libc_nano.a(libc_a-wbuf.o)
                0x08004cbe                __swbuf_r
 *fill*         0x08004d3a        0x2 
 .text.__swsetup_r
                0x08004d3c       0xac /opt/st/stm32cubeide_1.19.0/plugins/com.st.stm32cube.ide.mcu.externaltools.gnu-tools-for-stm32.13.3.rel1.linux64_1.0.0.202410170706/tools/bin/../lib/gcc/arm-none-eabi/13.3.1/../../../../arm-none-eabi/lib/thumb/v7e-m+fp/hard/libc_nano.a(libc_a-wsetup.o)
                0x08004d3c                __swsetup_r
 .text.memset   0x08004de8       0x10 /opt/st/stm32cubeide_1.19.0/plugins/com.st.stm32cube.ide.mcu.externaltools.gnu-tools-for-stm32.13.3.rel1.linux64_1.0.0.202410170706/tools/bin/../lib/gcc/arm-none-eabi/13.3.1/../../../../arm-none-eabi/lib/thumb/v7e-m+fp/hard/libc_nano.a(libc_a-memset.o)
                0x08004de8                memset
 .text._close_r
                0x08004df8       0x20 /opt/st/stm32cubeide_1.19.0/plugins/com.st.stm32cube.ide.mcu.externaltools.gnu-tools-for-stm32.13.3.rel1.linux64_1.0.0.202410170706/tools/bin/../lib/gcc/arm-none-eabi/13.3.1/../../../../arm-none-eabi/lib/thumb/v7e-m+fp/hard/libc_nano.a(libc_a-closer.o)
                0x08004df8                _close_r
 .text._lseek_r
                0x08004e18       0x24 /opt/st/stm32cubeide_1.19.0/plugins/com.st.stm32cube.ide.mcu.externaltools.gnu-tools-for-stm32.13.3.rel1.linux64_1.0.0.202410170706/tools/bin/../lib/gcc/arm-none-eabi/13.3.1/../../../../arm-none-eabi/lib/thumb/v7e-m+fp/hard/libc_nano.a(libc_a-lseekr.o)
                0x08004e18                _lseek_r
 .text._read_r  0x08004e3c       0x24 /opt/st/stm32cubeide_1.19.0/plugins/com.st.stm32cube.ide.mcu.externaltools.gnu-tools-for-stm32.13.3.rel1.linux64_1.0.0.202410170706/tools/bin/../lib/gcc/arm-none-eabi/13.3.1/../../../../arm-none-eabi/lib/thumb/v7e-m+fp/hard/libc_nano.a(libc_a-readr.o)
                0x08004e3c                _read_r
 .text._write_r
                0x08004e60       0x24 /opt/st/stm32cubeide_1.19.0/plugins/com.st.stm32cube.ide.mcu.externaltools.gnu-tools-for-stm32.13.3.rel1.linux64_1.0.0.202410170706/tools/bin/../lib/gcc/arm-none-eabi/13.3.1/../../../../arm-none-eabi/lib/thumb/v7e-m+fp/hard/libc_nano.a(libc_a-writer.o)
                0x08004e60                _write_r
 .text.__libc_init_array
                0x08004e84       0x48 /opt/st/stm32cubeide_1.19.0/plugins/com.st.stm32cube.ide.mcu.externaltools.gnu-tools-for-stm32.13.3.rel1.linux64_1.0.0.202410170706/tools/bin/../lib/gcc/arm-none-eabi/13.3.1/../../../../arm-none-eabi/lib/thumb/v7e-m+fp/hard/libc_nano.a(libc_a-init.o)
                0x08004e84                __libc_init_array
 .text.__retarget_lock_init_recursive
                0x08004ecc        0x2 /opt/st/stm32cubeide_1.19.0/plugins/com.st.stm32cube.ide.mcu.externaltools.gnu-tools-for-stm32.13.3.rel1.linux64_1.0.0.202410170706/tools/bin/../lib/gcc/arm-none-eabi/13.3.1/../../../../arm-none-eabi/lib/thumb/v7e-m+fp/hard/libc_nano.a(libc_a-lock.o)
                0x08004ecc                __retarget_lock_init_recursive
 .text.__retarget_lock_acquire_recursive
                0x08004ece        0x2 /opt/st/stm32cubeide_1.19.0/plugins/com.st.stm32cube.ide.mcu.externaltools.gnu-tools-for-stm32.13.3.rel1.linux64_1.0.0.202410170706/tools/bin/../lib/gcc/arm-none-eabi/13.3.1/../../../../arm-none-eabi/lib/thumb/v7e-m+fp/hard/libc_nano.a(libc_a-lock.o)
                0x08004ece                __retarget_lock_acquire_recursive
 .text.__retarget_lock_release_recursive
                0x08004ed0        0x2 /opt/st/stm32cubeide_1.19.0/plugins/com.st.stm32cube.ide.mcu.externaltools.gnu-tools-for-stm32.13.3.rel1.linux64_1.0.0.202410170706/tools/bin/../lib/gcc/arm-none-eabi/13.3.1/../../../../arm-none-eabi/lib/thumb/v7e-m+fp/hard/libc_nano.a(libc_a-lock.o)
                0x08004ed0                __retarget_lock_release_recursive
 .text.memcpy   0x08004ed2       0x1c /opt/st/stm32cubeide_1.19.0/plugins/com.st.stm32cube.ide.mcu.externaltools.gnu-tools-for-stm32.13.3.rel1.linux64_1.0.0.202410170706/tools/bin/../lib/gcc/arm-none-eabi/13.3.1/../../../../arm-none-eabi/lib/thumb/v7e-m+fp/hard/libc_nano.a(libc_a-memcpy-stub.o)
                0x08004ed2                memcpy
 *fill*         0x08004eee        0x2 
 .text._free_r  0x08004ef0       0x94 /opt/st/stm32cubeide_1.19.0/plugins/com.st.stm32cube.ide.mcu.externaltools.gnu-tools-for-stm32.13.3.rel1.linux64_1.0.0.202410170706/tools/bin/../lib/gcc/arm-none-eabi/13.3.1/../../../../arm-none-eabi/lib/thumb/v7e-m+fp/hard/libc_nano.a(libc_a-freer.o)
                0x08004ef0                _free_r
 .text.malloc   0x08004f84       0x10 /opt/st/stm32cubeide_1.19.0/plugins/com.st.stm32cube.ide.mcu.externaltools.gnu-tools-for-stm32.13.3.rel1.linux64_1.0.0.202410170706/tools/bin/../lib/gcc/arm-none-eabi/13.3.1/../../../../arm-none-eabi/lib/thumb/v7e-m+fp/hard/libc_nano.a(libc_a-malloc.o)
                0x08004f84                malloc
 .text.sbrk_aligned
                0x08004f94       0x44 /opt/st/stm32cubeide_1.19.0/plugins/com.st.stm32cube.ide.mcu.externaltools.gnu-tools-for-stm32.13.3.rel1.linux64_1.0.0.202410170706/tools/bin/../lib/gcc/arm-none-eabi/13.3.1/../../../../arm-none-eabi/lib/thumb/v7e-m+fp/hard/libc_nano.a(libc_a-mallocr.o)
 .text._malloc_r
                0x08004fd8      0x100 /opt/st/stm32cubeide_1.19.0/plugins/com.st.stm32cube.ide.mcu.externaltools.gnu-tools-for-stm32.13.3.rel1.linux64_1.0.0.202410170706/tools/bin/../lib/gcc/arm-none-eabi/13.3.1/../../../../arm-none-eabi/lib/thumb/v7e-m+fp/hard/libc_nano.a(libc_a-mallocr.o)
                0x08004fd8                _malloc_r
 .text.__malloc_lock
                0x080050d8        0xc /opt/st/stm32cubeide_1.19.0/plugins/com.st.stm32cube.ide.mcu.externaltools.gnu-tools-for-stm32.13.3.rel1.linux64_1.0.0.202410170706/tools/bin/../lib/gcc/arm-none-eabi/13.3.1/../../../../arm-none-eabi/lib/thumb/v7e-m+fp/hard/libc_nano.a(libc_a-mlock.o)
                0x080050d8                __malloc_lock
 .text.__malloc_unlock
                0x080050e4        0xc /opt/st/stm32cubeide_1.19.0/plugins/com.st.stm32cube.ide.mcu.externaltools.gnu-tools-for-stm32.13.3.rel1.linux64_1.0.0.202410170706/tools/bin/../lib/gcc/arm-none-eabi/13.3.1/../../../../arm-none-eabi/lib/thumb/v7e-m+fp/hard/libc_nano.a(libc_a-mlock.o)
                0x080050e4                __malloc_unlock
 .text.__sflush_r
                0x080050f0      0x108 /opt/st/stm32cubeide_1.19.0/plugins/com.st.stm32cube.ide.mcu.externaltools.gnu-tools-for-stm32.13.3.rel1.linux64_1.0.0.202410170706/tools/bin/../lib/gcc/arm-none-eabi/13.3.1/../../../../arm-none-eabi/lib/thumb/v7e-m+fp/hard/libc_nano.a(libc_a-fflush.o)
                0x080050f0                __sflush_r
 .text._fflush_r
                0x080051f8       0x50 /opt/st/stm32cubeide_1.19.0/plugins/com.st.stm32cube.ide.mcu.externaltools.gnu-tools-for-stm32.13.3.rel1.linux64_1.0.0.202410170706/tools/bin/../lib/gcc/arm-none-eabi/13.3.1/../../../../arm-none-eabi/lib/thumb/v7e-m+fp/hard/libc_nano.a(libc_a-fflush.o)
                0x080051f8                _fflush_r
 .text.__swhatbuf_r
                0x08005248       0x4c /opt/st/stm32cubeide_1.19.0/plugins/com.st.stm32cube.ide.mcu.externaltools.gnu-tools-for-stm32.13.3.rel1.linux64_1.0.0.202410170706/tools/bin/../lib/gcc/arm-none-eabi/13.3.1/../../../../arm-none-eabi/lib/thumb/v7e-m+fp/hard/libc_nano.a(libc_a-makebuf.o)
                0x08005248                __swhatbuf_r
 .text.__smakebuf_r
                0x08005294       0x78 /opt/st/stm32cubeide_1.19.0/plugins/com.st.stm32cube.ide.mcu.externaltools.gnu-tools-for-stm32.13.3.rel1.linux64_1.0.0.202410170706/tools/bin/../lib/gcc/arm-none-eabi/13.3.1/../../../../arm-none-eabi/lib/thumb/v7e-m+fp/hard/libc_nano.a(libc_a-makebuf.o)
                0x08005294                __smakebuf_r
 .text._fstat_r
                0x0800530c       0x24 /opt/st/stm32cubeide_1.19.0/plugins/com.st.stm32cube.ide.mcu.externaltools.gnu-tools-for-stm32.13.3.rel1.linux64_1.0.0.202410170706/tools/bin/../lib/gcc/arm-none-eabi/13.3.1/../../../../arm-none-eabi/lib/thumb/v7e-m+fp/hard/libc_nano.a(libc_a-fstatr.o)
                0x0800530c                _fstat_r
 .text._isatty_r
                0x08005330       0x20 /opt/st/stm32cubeide_1.19.0/plugins/com.st.stm32cube.ide.mcu.externaltools.gnu-tools-for-stm32.13.3.rel1.linux64_1.0.0.202410170706/tools/bin/../lib/gcc/arm-none-eabi/13.3.1/../../../../arm-none-eabi/lib/thumb/v7e-m+fp/hard/libc_nano.a(libc_a-isattyr.o)
                0x08005330                _isatty_r
 .text._sbrk_r  0x08005350       0x20 /opt/st/stm32cubeide_1.19.0/plugins/com.st.stm32cube.ide.mcu.externaltools.gnu-tools-for-stm32.13.3.rel1.linux64_1.0.0.202410170706/tools/bin/../lib/gcc/arm-none-eabi/13.3.1/../../../../arm-none-eabi/lib/thumb/v7e-m+fp/hard/libc_nano.a(libc_a-sbrkr.o)
                0x08005350                _sbrk_r
 .text._sbrk    0x08005370       0x1c /opt/st/stm32cubeide_1.19.0/plugins/com.st.stm32cube.ide.mcu.externaltools.gnu-tools-for-stm32.13.3.rel1.linux64_1.0.0.202410170706/tools/bin/../lib/gcc/arm-none-eabi/13.3.1/../../../../arm-none-eabi/lib/thumb/v7e-m+fp/hard/libnosys.a(sbrk.o)
                0x08005370                _sbrk
 *(.glue_7)
 .glue_7        0x0800538c        0x0 linker stubs
 *(.glue_7t)
 .glue_7t       0x0800538c        0x0 linker stubs
 *(.eh_frame)
 .eh_frame      0x0800538c        0x0 /opt/st/stm32cubeide_1.19.0/plugins/com.st.stm32cube.ide.mcu.externaltools.gnu-tools-for-stm32.13.3.rel1.linux64_1.0.0.202410170706/tools/bin/../lib/gcc/arm-none-eabi/13.3.1/thumb/v7e-m+fp/hard/crtbegin.o
 *(.init)
 .init          0x0800538c        0x4 /opt/st/stm32cubeide_1.19.0/plugins/com.st.stm32cube.ide.mcu.externaltools.gnu-tools-for-stm32.13.3.rel1.linux64_1.0.0.202410170706/tools/bin/../lib/gcc/arm-none-eabi/13.3.1/thumb/v7e-m+fp/hard/crti.o
                0x0800538c                _init
 .init          0x08005390        0x8 /opt/st/stm32cubeide_1.19.0/plugins/com.st.stm32cube.ide.mcu.externaltools.gnu-tools-for-stm32.13.3.rel1.linux64_1.0.0.202410170706/tools/bin/../lib/gcc/arm-none-eabi/13.3.1/thumb/v7e-m+fp/hard/crtn.o
 *(.fini)
 .fini          0x08005398        0x4 /opt/st/stm32cubeide_1.19.0/plugins/com.st.stm32cube.ide.mcu.externaltools.gnu-tools-for-stm32.13.3.rel1.linux64_1.0.0.202410170706/tools/bin/../lib/gcc/arm-none-eabi/13.3.1/thumb/v7e-m+fp/hard/crti.o
                0x08005398                _fini
 .fini          0x0800539c        0x8 /opt/st/stm32cubeide_1.19.0/plugins/com.st.stm32cube.ide.mcu.externaltools.gnu-tools-for-stm32.13.3.rel1.linux64_1.0.0.202410170706/tools/bin/../lib/gcc/arm-none-eabi/13.3.1/thumb/v7e-m+fp/hard/crtn.o
                0x080053a4                        . = ALIGN (0x4)
                0x080053a4                        _etext = .

.vfp11_veneer   0x080053a4        0x0
 .vfp11_veneer  0x080053a4        0x0 linker stubs

.v4_bx          0x080053a4        0x0
 .v4_bx         0x080053a4        0x0 linker stubs

.iplt           0x080053a4        0x0
 .iplt          0x080053a4        0x0 /opt/st/stm32cubeide_1.19.0/plugins/com.st.stm32cube.ide.mcu.externaltools.gnu-tools-for-stm32.13.3.rel1.linux64_1.0.0.202410170706/tools/bin/../lib/gcc/arm-none-eabi/13.3.1/thumb/v7e-m+fp/hard/crtbegin.o

.rodata         0x080053a4       0x6c
                0x080053a4                        . = ALIGN (0x4)
 *(.rodata)
 .rodata        0x080053a4       0x3f ./Core/Src/main.o
 *fill*         0x080053e3        0x1 
 .rodata        0x080053e4        0x5 ./ThirdParty/FreeRTOS/tasks.o
 *fill*         0x080053e9        0x3 
 .rodata        0x080053ec        0x8 ./ThirdParty/FreeRTOS/timers.o
 *(.rodata*)
 .rodata.AHBPrescTable
                0x080053f4       0x10 ./Core/Src/system_stm32f4xx.o
                0x080053f4                AHBPrescTable
 .rodata.APBPrescTable
                0x08005404        0x8 ./Core/Src/system_stm32f4xx.o
                0x08005404                APBPrescTable
 .rodata.uxTopUsedPriority
                0x0800540c        0x4 ./ThirdParty/FreeRTOS/tasks.o
                0x08005410                        . = ALIGN (0x4)

.ARM.extab      0x08005410        0x0
                0x08005410                        . = ALIGN (0x4)
 *(.ARM.extab* .gnu.linkonce.armextab.*)
                0x08005410                        . = ALIGN (0x4)

.ARM            0x08005410        0x8
                0x08005410                        . = ALIGN (0x4)
                0x08005410                        __exidx_start = .
 *(.ARM.exidx*)
 .ARM.exidx     0x08005410        0x8 /opt/st/stm32cubeide_1.19.0/plugins/com.st.stm32cube.ide.mcu.externaltools.gnu-tools-for-stm32.13.3.rel1.linux64_1.0.0.202410170706/tools/bin/../lib/gcc/arm-none-eabi/13.3.1/thumb/v7e-m+fp/hard/libgcc.a(_udivmoddi4.o)
                0x08005418                        __exidx_end = .
                0x08005418                        . = ALIGN (0x4)

.preinit_array  0x08005418        0x0
                0x08005418                        . = ALIGN (0x4)
                0x08005418                        PROVIDE (__preinit_array_start = .)
 *(.preinit_array*)
                0x08005418                        PROVIDE (__preinit_array_end = .)
                0x08005418                        . = ALIGN (0x4)

.init_array     0x08005418        0x4
                0x08005418                        . = ALIGN (0x4)
                0x08005418                        PROVIDE (__init_array_start = .)
 *(SORT_BY_NAME(.init_array.*))
 *(.init_array*)
 .init_array    0x08005418        0x4 /opt/st/stm32cubeide_1.19.0/plugins/com.st.stm32cube.ide.mcu.externaltools.gnu-tools-for-stm32.13.3.rel1.linux64_1.0.0.202410170706/tools/bin/../lib/gcc/arm-none-eabi/13.3.1/thumb/v7e-m+fp/hard/crtbegin.o
                0x0800541c                        PROVIDE (__init_array_end = .)
                0x0800541c                        . = ALIGN (0x4)

.fini_array     0x0800541c        0x4
                0x0800541c                        . = ALIGN (0x4)
                [!provide]                        PROVIDE (__fini_array_start = .)
 *(SORT_BY_NAME(.fini_array.*))
 *(.fini_array*)
 .fini_array    0x0800541c        0x4 /opt/st/stm32cubeide_1.19.0/plugins/com.st.stm32cube.ide.mcu.externaltools.gnu-tools-for-stm32.13.3.rel1.linux64_1.0.0.202410170706/tools/bin/../lib/gcc/arm-none-eabi/13.3.1/thumb/v7e-m+fp/hard/crtbegin.o
                [!provide]                        PROVIDE (__fini_array_end = .)
                0x08005420                        . = ALIGN (0x4)
                0x08005420                        _sidata = LOADADDR (.data)

.rel.dyn        0x08005420        0x0
 .rel.iplt      0x08005420        0x0 /opt/st/stm32cubeide_1.19.0/plugins/com.st.stm32cube.ide.mcu.externaltools.gnu-tools-for-stm32.13.3.rel1.linux64_1.0.0.202410170706/tools/bin/../lib/gcc/arm-none-eabi/13.3.1/thumb/v7e-m+fp/hard/crtbegin.o

.data           0x20000000       0x6c load address 0x08005420
                0x20000000                        . = ALIGN (0x4)
                0x20000000                        _sdata = .
 *(.data)
 *(.data*)
 .data.SystemCoreClock
                0x20000000        0x4 ./Core/Src/system_stm32f4xx.o
                0x20000000                SystemCoreClock
 .data.uwTickPrio
                0x20000004        0x4 ./Drivers/STM32F4xx_HAL_Driver/Src/stm32f4xx_hal.o
                0x20000004                uwTickPrio
 .data.uwTickFreq
                0x20000008        0x1 ./Drivers/STM32F4xx_HAL_Driver/Src/stm32f4xx_hal.o
                0x20000008                uwTickFreq
 *fill*         0x20000009        0x3 
 .data.uxCriticalNesting
                0x2000000c        0x4 ./ThirdParty/FreeRTOS/portable/GCC/ARM_CM4F/port.o
 .data.__sglue  0x20000010        0xc /opt/st/stm32cubeide_1.19.0/plugins/com.st.stm32cube.ide.mcu.externaltools.gnu-tools-for-stm32.13.3.rel1.linux64_1.0.0.202410170706/tools/bin/../lib/gcc/arm-none-eabi/13.3.1/../../../../arm-none-eabi/lib/thumb/v7e-m+fp/hard/libc_nano.a(libc_a-findfp.o)
                0x20000010                __sglue
 .data._impure_ptr
                0x2000001c        0x4 /opt/st/stm32cubeide_1.19.0/plugins/com.st.stm32cube.ide.mcu.externaltools.gnu-tools-for-stm32.13.3.rel1.linux64_1.0.0.202410170706/tools/bin/../lib/gcc/arm-none-eabi/13.3.1/../../../../arm-none-eabi/lib/thumb/v7e-m+fp/hard/libc_nano.a(libc_a-impure.o)
                0x2000001c                _impure_ptr
 .data._impure_data
                0x20000020       0x4c /opt/st/stm32cubeide_1.19.0/plugins/com.st.stm32cube.ide.mcu.externaltools.gnu-tools-for-stm32.13.3.rel1.linux64_1.0.0.202410170706/tools/bin/../lib/gcc/arm-none-eabi/13.3.1/../../../../arm-none-eabi/lib/thumb/v7e-m+fp/hard/libc_nano.a(libc_a-impure.o)
                0x20000020                _impure_data
 *(.RamFunc)
 *(.RamFunc*)
                0x2000006c                        . = ALIGN (0x4)
                0x2000006c                        _edata = .

.igot.plt       0x2000006c        0x0 load address 0x0800548c
 .igot.plt      0x2000006c        0x0 /opt/st/stm32cubeide_1.19.0/plugins/com.st.stm32cube.ide.mcu.externaltools.gnu-tools-for-stm32.13.3.rel1.linux64_1.0.0.202410170706/tools/bin/../lib/gcc/arm-none-eabi/13.3.1/thumb/v7e-m+fp/hard/crtbegin.o
                0x2000006c                        . = ALIGN (0x4)

.bss            0x2000006c     0x4484 load address 0x0800548c
                0x2000006c                        _sbss = .
                0x2000006c                        __bss_start__ = _sbss
 *(.bss)
 .bss           0x2000006c       0x1c /opt/st/stm32cubeide_1.19.0/plugins/com.st.stm32cube.ide.mcu.externaltools.gnu-tools-for-stm32.13.3.rel1.linux64_1.0.0.202410170706/tools/bin/../lib/gcc/arm-none-eabi/13.3.1/thumb/v7e-m+fp/hard/crtbegin.o
 *(.bss*)
 .bss.htim6     0x20000088       0x48 ./Core/Src/stm32f4xx_hal_timebase_tim.o
                0x20000088                htim6
 .bss.uwTick    0x200000d0        0x4 ./Drivers/STM32F4xx_HAL_Driver/Src/stm32f4xx_hal.o
                0x200000d0                uwTick
 .bss.pxCurrentTCB
                0x200000d4        0x4 ./ThirdParty/FreeRTOS/tasks.o
                0x200000d4                pxCurrentTCB
 .bss.pxReadyTasksLists
                0x200000d8       0x64 ./ThirdParty/FreeRTOS/tasks.o
 .bss.xDelayedTaskList1
                0x2000013c       0x14 ./ThirdParty/FreeRTOS/tasks.o
 .bss.xDelayedTaskList2
                0x20000150       0x14 ./ThirdParty/FreeRTOS/tasks.o
 .bss.pxDelayedTaskList
                0x20000164        0x4 ./ThirdParty/FreeRTOS/tasks.o
 .bss.pxOverflowDelayedTaskList
                0x20000168        0x4 ./ThirdParty/FreeRTOS/tasks.o
 .bss.xPendingReadyList
                0x2000016c       0x14 ./ThirdParty/FreeRTOS/tasks.o
 .bss.xTasksWaitingTermination
                0x20000180       0x14 ./ThirdParty/FreeRTOS/tasks.o
 .bss.uxDeletedTasksWaitingCleanUp
                0x20000194        0x4 ./ThirdParty/FreeRTOS/tasks.o
 .bss.xSuspendedTaskList
                0x20000198       0x14 ./ThirdParty/FreeRTOS/tasks.o
 .bss.uxCurrentNumberOfTasks
                0x200001ac        0x4 ./ThirdParty/FreeRTOS/tasks.o
 .bss.xTickCount
                0x200001b0        0x4 ./ThirdParty/FreeRTOS/tasks.o
 .bss.uxTopReadyPriority
                0x200001b4        0x4 ./ThirdParty/FreeRTOS/tasks.o
 .bss.xSchedulerRunning
                0x200001b8        0x4 ./ThirdParty/FreeRTOS/tasks.o
 .bss.xPendedTicks
                0x200001bc        0x4 ./ThirdParty/FreeRTOS/tasks.o
 .bss.xYieldPendings
                0x200001c0        0x4 ./ThirdParty/FreeRTOS/tasks.o
 .bss.xNumOfOverflows
                0x200001c4        0x4 ./ThirdParty/FreeRTOS/tasks.o
 .bss.uxTaskNumber
                0x200001c8        0x4 ./ThirdParty/FreeRTOS/tasks.o
 .bss.xNextTaskUnblockTime
                0x200001cc        0x4 ./ThirdParty/FreeRTOS/tasks.o
 .bss.xIdleTaskHandles
                0x200001d0        0x4 ./ThirdParty/FreeRTOS/tasks.o
 .bss.uxSchedulerSuspended
                0x200001d4        0x4 ./ThirdParty/FreeRTOS/tasks.o
 .bss.xIdleTaskTCB.3
                0x200001d8       0x54 ./ThirdParty/FreeRTOS/tasks.o
 .bss.uxIdleTaskStack.2
                0x2000022c      0x200 ./ThirdParty/FreeRTOS/tasks.o
 .bss.xTimerTaskTCB.1
                0x2000042c       0x54 ./ThirdParty/FreeRTOS/tasks.o
 .bss.uxTimerTaskStack.0
                0x20000480      0x200 ./ThirdParty/FreeRTOS/tasks.o
 .bss.xActiveTimerList1
                0x20000680       0x14 ./ThirdParty/FreeRTOS/timers.o
 .bss.xActiveTimerList2
                0x20000694       0x14 ./ThirdParty/FreeRTOS/timers.o
 .bss.pxCurrentTimerList
                0x200006a8        0x4 ./ThirdParty/FreeRTOS/timers.o
 .bss.pxOverflowTimerList
                0x200006ac        0x4 ./ThirdParty/FreeRTOS/timers.o
 .bss.xTimerQueue
                0x200006b0        0x4 ./ThirdParty/FreeRTOS/timers.o
 .bss.xTimerTaskHandle
                0x200006b4        0x4 ./ThirdParty/FreeRTOS/timers.o
 .bss.xLastTime.2
                0x200006b8        0x4 ./ThirdParty/FreeRTOS/timers.o
 .bss.ucStaticTimerQueueStorage.1
                0x200006bc       0x78 ./ThirdParty/FreeRTOS/timers.o
 .bss.xStaticTimerQueue.0
                0x20000734       0x48 ./ThirdParty/FreeRTOS/timers.o
 .bss.ucMaxSysCallPriority
                0x2000077c        0x1 ./ThirdParty/FreeRTOS/portable/GCC/ARM_CM4F/port.o
 *fill*         0x2000077d        0x3 
 .bss.ulMaxPRIGROUPValue
                0x20000780        0x4 ./ThirdParty/FreeRTOS/portable/GCC/ARM_CM4F/port.o
 .bss.ucHeap    0x20000784     0x3c00 ./ThirdParty/FreeRTOS/portable/MemMang/heap_4.o
 .bss.xStart    0x20004384        0x8 ./ThirdParty/FreeRTOS/portable/MemMang/heap_4.o
 .bss.pxEnd     0x2000438c        0x4 ./ThirdParty/FreeRTOS/portable/MemMang/heap_4.o
 .bss.xFreeBytesRemaining
                0x20004390        0x4 ./ThirdParty/FreeRTOS/portable/MemMang/heap_4.o
 .bss.xMinimumEverFreeBytesRemaining
                0x20004394        0x4 ./ThirdParty/FreeRTOS/portable/MemMang/heap_4.o
 .bss.xNumberOfSuccessfulAllocations
                0x20004398        0x4 ./ThirdParty/FreeRTOS/portable/MemMang/heap_4.o
 .bss.xNumberOfSuccessfulFrees
                0x2000439c        0x4 ./ThirdParty/FreeRTOS/portable/MemMang/heap_4.o
 .bss.__sf      0x200043a0      0x138 /opt/st/stm32cubeide_1.19.0/plugins/com.st.stm32cube.ide.mcu.externaltools.gnu-tools-for-stm32.13.3.rel1.linux64_1.0.0.202410170706/tools/bin/../lib/gcc/arm-none-eabi/13.3.1/../../../../arm-none-eabi/lib/thumb/v7e-m+fp/hard/libc_nano.a(libc_a-findfp.o)
                0x200043a0                __sf
 .bss.__stdio_exit_handler
                0x200044d8        0x4 /opt/st/stm32cubeide_1.19.0/plugins/com.st.stm32cube.ide.mcu.externaltools.gnu-tools-for-stm32.13.3.rel1.linux64_1.0.0.202410170706/tools/bin/../lib/gcc/arm-none-eabi/13.3.1/../../../../arm-none-eabi/lib/thumb/v7e-m+fp/hard/libc_nano.a(libc_a-findfp.o)
                0x200044d8                __stdio_exit_handler
 .bss.errno     0x200044dc        0x4 /opt/st/stm32cubeide_1.19.0/plugins/com.st.stm32cube.ide.mcu.externaltools.gnu-tools-for-stm32.13.3.rel1.linux64_1.0.0.202410170706/tools/bin/../lib/gcc/arm-none-eabi/13.3.1/../../../../arm-none-eabi/lib/thumb/v7e-m+fp/hard/libc_nano.a(libc_a-reent.o)
                0x200044dc                errno
 .bss.__lock___malloc_recursive_mutex
                0x200044e0        0x1 /opt/st/stm32cubeide_1.19.0/plugins/com.st.stm32cube.ide.mcu.externaltools.gnu-tools-for-stm32.13.3.rel1.linux64_1.0.0.202410170706/tools/bin/../lib/gcc/arm-none-eabi/13.3.1/../../../../arm-none-eabi/lib/thumb/v7e-m+fp/hard/libc_nano.a(libc_a-lock.o)
                0x200044e0                __lock___malloc_recursive_mutex
 .bss.__lock___sfp_recursive_mutex
                0x200044e1        0x1 /opt/st/stm32cubeide_1.19.0/plugins/com.st.stm32cube.ide.mcu.externaltools.gnu-tools-for-stm32.13.3.rel1.linux64_1.0.0.202410170706/tools/bin/../lib/gcc/arm-none-eabi/13.3.1/../../../../arm-none-eabi/lib/thumb/v7e-m+fp/hard/libc_nano.a(libc_a-lock.o)
                0x200044e1                __lock___sfp_recursive_mutex
 *fill*         0x200044e2        0x2 
 .bss.__malloc_sbrk_start
                0x200044e4        0x4 /opt/st/stm32cubeide_1.19.0/plugins/com.st.stm32cube.ide.mcu.externaltools.gnu-tools-for-stm32.13.3.rel1.linux64_1.0.0.202410170706/tools/bin/../lib/gcc/arm-none-eabi/13.3.1/../../../../arm-none-eabi/lib/thumb/v7e-m+fp/hard/libc_nano.a(libc_a-mallocr.o)
                0x200044e4                __malloc_sbrk_start
 .bss.__malloc_free_list
                0x200044e8        0x4 /opt/st/stm32cubeide_1.19.0/plugins/com.st.stm32cube.ide.mcu.externaltools.gnu-tools-for-stm32.13.3.rel1.linux64_1.0.0.202410170706/tools/bin/../lib/gcc/arm-none-eabi/13.3.1/../../../../arm-none-eabi/lib/thumb/v7e-m+fp/hard/libc_nano.a(libc_a-mallocr.o)
                0x200044e8                __malloc_free_list
 .bss.heap_end.0
                0x200044ec        0x4 /opt/st/stm32cubeide_1.19.0/plugins/com.st.stm32cube.ide.mcu.externaltools.gnu-tools-for-stm32.13.3.rel1.linux64_1.0.0.202410170706/tools/bin/../lib/gcc/arm-none-eabi/13.3.1/../../../../arm-none-eabi/lib/thumb/v7e-m+fp/hard/libnosys.a(sbrk.o)
 *(COMMON)
                0x200044f0                        . = ALIGN (0x4)
                0x200044f0                        _ebss = .
                0x200044f0                        __bss_end__ = _ebss

._user_heap_stack
                0x200044f0      0x600 load address 0x0800548c
                0x200044f0                        . = ALIGN (0x8)
                0x200044f0                        PROVIDE (end = .)
                [!provide]                        PROVIDE (_end = .)
                0x200046f0                        . = (. + _Min_Heap_Size)
 *fill*         0x200044f0      0x200 
                0x20004af0                        . = (. + _Min_Stack_Size)
 *fill*         0x200046f0      0x400 
                0x20004af0                        . = ALIGN (0x8)

/DISCARD/
 libc.a(*)
 libm.a(*)
 libgcc.a(*)

.ARM.attributes
                0x00000000       0x30
 *(.ARM.attributes)
 .ARM.attributes
                0x00000000       0x22 /opt/st/stm32cubeide_1.19.0/plugins/com.st.stm32cube.ide.mcu.externaltools.gnu-tools-for-stm32.13.3.rel1.linux64_1.0.0.202410170706/tools/bin/../lib/gcc/arm-none-eabi/13.3.1/thumb/v7e-m+fp/hard/crti.o
 .ARM.attributes
                0x00000022       0x34 /opt/st/stm32cubeide_1.19.0/plugins/com.st.stm32cube.ide.mcu.externaltools.gnu-tools-for-stm32.13.3.rel1.linux64_1.0.0.202410170706/tools/bin/../lib/gcc/arm-none-eabi/13.3.1/thumb/v7e-m+fp/hard/crtbegin.o
 .ARM.attributes
                0x00000056       0x34 ./Core/Src/main.o
 .ARM.attributes
                0x0000008a       0x34 ./Core/Src/stm32f4xx_hal_msp.o
 .ARM.attributes
                0x000000be       0x34 ./Core/Src/stm32f4xx_hal_timebase_tim.o
 .ARM.attributes
                0x000000f2       0x34 ./Core/Src/stm32f4xx_it.o
 .ARM.attributes
                0x00000126       0x34 ./Core/Src/syscalls.o
 .ARM.attributes
                0x0000015a       0x34 ./Core/Src/system_stm32f4xx.o
 .ARM.attributes
                0x0000018e       0x21 ./Core/Startup/startup_stm32f446retx.o
 .ARM.attributes
                0x000001af       0x34 ./Drivers/STM32F4xx_HAL_Driver/Src/stm32f4xx_hal.o
 .ARM.attributes
                0x000001e3       0x34 ./Drivers/STM32F4xx_HAL_Driver/Src/stm32f4xx_hal_cortex.o
 .ARM.attributes
                0x00000217       0x34 ./Drivers/STM32F4xx_HAL_Driver/Src/stm32f4xx_hal_gpio.o
 .ARM.attributes
                0x0000024b       0x34 ./Drivers/STM32F4xx_HAL_Driver/Src/stm32f4xx_hal_rcc.o
 .ARM.attributes
                0x0000027f       0x34 ./Drivers/STM32F4xx_HAL_Driver/Src/stm32f4xx_hal_rcc_ex.o
 .ARM.attributes
                0x000002b3       0x34 ./Drivers/STM32F4xx_HAL_Driver/Src/stm32f4xx_hal_tim.o
 .ARM.attributes
                0x000002e7       0x34 ./Drivers/STM32F4xx_HAL_Driver/Src/stm32f4xx_hal_tim_ex.o
 .ARM.attributes
                0x0000031b       0x34 ./ThirdParty/FreeRTOS/list.o
 .ARM.attributes
                0x0000034f       0x34 ./ThirdParty/FreeRTOS/queue.o
 .ARM.attributes
                0x00000383       0x34 ./ThirdParty/FreeRTOS/tasks.o
 .ARM.attributes
                0x000003b7       0x34 ./ThirdParty/FreeRTOS/timers.o
 .ARM.attributes
                0x000003eb       0x34 ./ThirdParty/FreeRTOS/portable/GCC/ARM_CM4F/port.o
 .ARM.attributes
                0x0000041f       0x34 ./ThirdParty/FreeRTOS/portable/MemMang/heap_4.o
 .ARM.attributes
                0x00000453       0x34 /opt/st/stm32cubeide_1.19.0/plugins/com.st.stm32cube.ide.mcu.externaltools.gnu-tools-for-stm32.13.3.rel1.linux64_1.0.0.202410170706/tools/bin/../lib/gcc/arm-none-eabi/13.3.1/../../../../arm-none-eabi/lib/thumb/v7e-m+fp/hard/libc_nano.a(libc_a-findfp.o)
 .ARM.attributes
                0x00000487       0x34 /opt/st/stm32cubeide_1.19.0/plugins/com.st.stm32cube.ide.mcu.externaltools.gnu-tools-for-stm32.13.3.rel1.linux64_1.0.0.202410170706/tools/bin/../lib/gcc/arm-none-eabi/13.3.1/../../../../arm-none-eabi/lib/thumb/v7e-m+fp/hard/libc_nano.a(libc_a-fwalk.o)
 .ARM.attributes
                0x000004bb       0x34 /opt/st/stm32cubeide_1.19.0/plugins/com.st.stm32cube.ide.mcu.externaltools.gnu-tools-for-stm32.13.3.rel1.linux64_1.0.0.202410170706/tools/bin/../lib/gcc/arm-none-eabi/13.3.1/../../../../arm-none-eabi/lib/thumb/v7e-m+fp/hard/libc_nano.a(libc_a-puts.o)
 .ARM.attributes
                0x000004ef       0x34 /opt/st/stm32cubeide_1.19.0/plugins/com.st.stm32cube.ide.mcu.externaltools.gnu-tools-for-stm32.13.3.rel1.linux64_1.0.0.202410170706/tools/bin/../lib/gcc/arm-none-eabi/13.3.1/../../../../arm-none-eabi/lib/thumb/v7e-m+fp/hard/libc_nano.a(libc_a-setvbuf.o)
 .ARM.attributes
                0x00000523       0x34 /opt/st/stm32cubeide_1.19.0/plugins/com.st.stm32cube.ide.mcu.externaltools.gnu-tools-for-stm32.13.3.rel1.linux64_1.0.0.202410170706/tools/bin/../lib/gcc/arm-none-eabi/13.3.1/../../../../arm-none-eabi/lib/thumb/v7e-m+fp/hard/libc_nano.a(libc_a-stdio.o)
 .ARM.attributes
                0x00000557       0x34 /opt/st/stm32cubeide_1.19.0/plugins/com.st.stm32cube.ide.mcu.externaltools.gnu-tools-for-stm32.13.3.rel1.linux64_1.0.0.202410170706/tools/bin/../lib/gcc/arm-none-eabi/13.3.1/../../../../arm-none-eabi/lib/thumb/v7e-m+fp/hard/libc_nano.a(libc_a-wbuf.o)
 .ARM.attributes
                0x0000058b       0x34 /opt/st/stm32cubeide_1.19.0/plugins/com.st.stm32cube.ide.mcu.externaltools.gnu-tools-for-stm32.13.3.rel1.linux64_1.0.0.202410170706/tools/bin/../lib/gcc/arm-none-eabi/13.3.1/../../../../arm-none-eabi/lib/thumb/v7e-m+fp/hard/libc_nano.a(libc_a-wsetup.o)
 .ARM.attributes
                0x000005bf       0x34 /opt/st/stm32cubeide_1.19.0/plugins/com.st.stm32cube.ide.mcu.externaltools.gnu-tools-for-stm32.13.3.rel1.linux64_1.0.0.202410170706/tools/bin/../lib/gcc/arm-none-eabi/13.3.1/../../../../arm-none-eabi/lib/thumb/v7e-m+fp/hard/libc_nano.a(libc_a-memset.o)
 .ARM.attributes
                0x000005f3       0x34 /opt/st/stm32cubeide_1.19.0/plugins/com.st.stm32cube.ide.mcu.externaltools.gnu-tools-for-stm32.13.3.rel1.linux64_1.0.0.202410170706/tools/bin/../lib/gcc/arm-none-eabi/13.3.1/../../../../arm-none-eabi/lib/thumb/v7e-m+fp/hard/libc_nano.a(libc_a-closer.o)
 .ARM.attributes
                0x00000627       0x34 /opt/st/stm32cubeide_1.19.0/plugins/com.st.stm32cube.ide.mcu.externaltools.gnu-tools-for-stm32.13.3.rel1.linux64_1.0.0.202410170706/tools/bin/../lib/gcc/arm-none-eabi/13.3.1/../../../../arm-none-eabi/lib/thumb/v7e-m+fp/hard/libc_nano.a(libc_a-reent.o)
 .ARM.attributes
                0x0000065b       0x34 /opt/st/stm32cubeide_1.19.0/plugins/com.st.stm32cube.ide.mcu.externaltools.gnu-tools-for-stm32.13.3.rel1.linux64_1.0.0.202410170706/tools/bin/../lib/gcc/arm-none-eabi/13.3.1/../../../../arm-none-eabi/lib/thumb/v7e-m+fp/hard/libc_nano.a(libc_a-impure.o)
 .ARM.attributes
                0x0000068f       0x34 /opt/st/stm32cubeide_1.19.0/plugins/com.st.stm32cube.ide.mcu.externaltools.gnu-tools-for-stm32.13.3.rel1.linux64_1.0.0.202410170706/tools/bin/../lib/gcc/arm-none-eabi/13.3.1/../../../../arm-none-eabi/lib/thumb/v7e-m+fp/hard/libc_nano.a(libc_a-lseekr.o)
 .ARM.attributes
                0x000006c3       0x34 /opt/st/stm32cubeide_1.19.0/plugins/com.st.stm32cube.ide.mcu.externaltools.gnu-tools-for-stm32.13.3.rel1.linux64_1.0.0.202410170706/tools/bin/../lib/gcc/arm-none-eabi/13.3.1/../../../../arm-none-eabi/lib/thumb/v7e-m+fp/hard/libc_nano.a(libc_a-readr.o)
 .ARM.attributes
                0x000006f7       0x34 /opt/st/stm32cubeide_1.19.0/plugins/com.st.stm32cube.ide.mcu.externaltools.gnu-tools-for-stm32.13.3.rel1.linux64_1.0.0.202410170706/tools/bin/../lib/gcc/arm-none-eabi/13.3.1/../../../../arm-none-eabi/lib/thumb/v7e-m+fp/hard/libc_nano.a(libc_a-writer.o)
 .ARM.attributes
                0x0000072b       0x34 /opt/st/stm32cubeide_1.19.0/plugins/com.st.stm32cube.ide.mcu.externaltools.gnu-tools-for-stm32.13.3.rel1.linux64_1.0.0.202410170706/tools/bin/../lib/gcc/arm-none-eabi/13.3.1/../../../../arm-none-eabi/lib/thumb/v7e-m+fp/hard/libc_nano.a(libc_a-init.o)
 .ARM.attributes
                0x0000075f       0x34 /opt/st/stm32cubeide_1.19.0/plugins/com.st.stm32cube.ide.mcu.externaltools.gnu-tools-for-stm32.13.3.rel1.linux64_1.0.0.202410170706/tools/bin/../lib/gcc/arm-none-eabi/13.3.1/../../../../arm-none-eabi/lib/thumb/v7e-m+fp/hard/libc_nano.a(libc_a-lock.o)
 .ARM.attributes
                0x00000793       0x34 /opt/st/stm32cubeide_1.19.0/plugins/com.st.stm32cube.ide.mcu.externaltools.gnu-tools-for-stm32.13.3.rel1.linux64_1.0.0.202410170706/tools/bin/../lib/gcc/arm-none-eabi/13.3.1/../../../../arm-none-eabi/lib/thumb/v7e-m+fp/hard/libc_nano.a(libc_a-memcpy-stub.o)
 .ARM.attributes
                0x000007c7       0x34 /opt/st/stm32cubeide_1.19.0/plugins/com.st.stm32cube.ide.mcu.externaltools.gnu-tools-for-stm32.13.3.rel1.linux64_1.0.0.202410170706/tools/bin/../lib/gcc/arm-none-eabi/13.3.1/../../../../arm-none-eabi/lib/thumb/v7e-m+fp/hard/libc_nano.a(libc_a-freer.o)
 .ARM.attributes
                0x000007fb       0x34 /opt/st/stm32cubeide_1.19.0/plugins/com.st.stm32cube.ide.mcu.externaltools.gnu-tools-for-stm32.13.3.rel1.linux64_1.0.0.202410170706/tools/bin/../lib/gcc/arm-none-eabi/13.3.1/../../../../arm-none-eabi/lib/thumb/v7e-m+fp/hard/libc_nano.a(libc_a-malloc.o)
 .ARM.attributes
                0x0000082f       0x34 /opt/st/stm32cubeide_1.19.0/plugins/com.st.stm32cube.ide.mcu.externaltools.gnu-tools-for-stm32.13.3.rel1.linux64_1.0.0.202410170706/tools/bin/../lib/gcc/arm-none-eabi/13.3.1/../../../../arm-none-eabi/lib/thumb/v7e-m+fp/hard/libc_nano.a(libc_a-mallocr.o)
 .ARM.attributes
                0x00000863       0x34 /opt/st/stm32cubeide_1.19.0/plugins/com.st.stm32cube.ide.mcu.externaltools.gnu-tools-for-stm32.13.3.rel1.linux64_1.0.0.202410170706/tools/bin/../lib/gcc/arm-none-eabi/13.3.1/../../../../arm-none-eabi/lib/thumb/v7e-m+fp/hard/libc_nano.a(libc_a-mlock.o)
 .ARM.attributes
                0x00000897       0x34 /opt/st/stm32cubeide_1.19.0/plugins/com.st.stm32cube.ide.mcu.externaltools.gnu-tools-for-stm32.13.3.rel1.linux64_1.0.0.202410170706/tools/bin/../lib/gcc/arm-none-eabi/13.3.1/../../../../arm-none-eabi/lib/thumb/v7e-m+fp/hard/libc_nano.a(libc_a-fflush.o)
 .ARM.attributes
                0x000008cb       0x34 /opt/st/stm32cubeide_1.19.0/plugins/com.st.stm32cube.ide.mcu.externaltools.gnu-tools-for-stm32.13.3.rel1.linux64_1.0.0.202410170706/tools/bin/../lib/gcc/arm-none-eabi/13.3.1/../../../../arm-none-eabi/lib/thumb/v7e-m+fp/hard/libc_nano.a(libc_a-makebuf.o)
 .ARM.attributes
                0x000008ff       0x34 /opt/st/stm32cubeide_1.19.0/plugins/com.st.stm32cube.ide.mcu.externaltools.gnu-tools-for-stm32.13.3.rel1.linux64_1.0.0.202410170706/tools/bin/../lib/gcc/arm-none-eabi/13.3.1/../../../../arm-none-eabi/lib/thumb/v7e-m+fp/hard/libc_nano.a(libc_a-fstatr.o)
 .ARM.attributes
                0x00000933       0x34 /opt/st/stm32cubeide_1.19.0/plugins/com.st.stm32cube.ide.mcu.externaltools.gnu-tools-for-stm32.13.3.rel1.linux64_1.0.0.202410170706/tools/bin/../lib/gcc/arm-none-eabi/13.3.1/../../../../arm-none-eabi/lib/thumb/v7e-m+fp/hard/libc_nano.a(libc_a-isattyr.o)
 .ARM.attributes
                0x00000967       0x34 /opt/st/stm32cubeide_1.19.0/plugins/com.st.stm32cube.ide.mcu.externaltools.gnu-tools-for-stm32.13.3.rel1.linux64_1.0.0.202410170706/tools/bin/../lib/gcc/arm-none-eabi/13.3.1/../../../../arm-none-eabi/lib/thumb/v7e-m+fp/hard/libc_nano.a(libc_a-sbrkr.o)
 .ARM.attributes
                0x0000099b       0x22 /opt/st/stm32cubeide_1.19.0/plugins/com.st.stm32cube.ide.mcu.externaltools.gnu-tools-for-stm32.13.3.rel1.linux64_1.0.0.202410170706/tools/bin/../lib/gcc/arm-none-eabi/13.3.1/thumb/v7e-m+fp/hard/libgcc.a(_aeabi_uldivmod.o)
 .ARM.attributes
                0x000009bd       0x34 /opt/st/stm32cubeide_1.19.0/plugins/com.st.stm32cube.ide.mcu.externaltools.gnu-tools-for-stm32.13.3.rel1.linux64_1.0.0.202410170706/tools/bin/../lib/gcc/arm-none-eabi/13.3.1/thumb/v7e-m+fp/hard/libgcc.a(_udivmoddi4.o)
 .ARM.attributes
                0x000009f1       0x22 /opt/st/stm32cubeide_1.19.0/plugins/com.st.stm32cube.ide.mcu.externaltools.gnu-tools-for-stm32.13.3.rel1.linux64_1.0.0.202410170706/tools/bin/../lib/gcc/arm-none-eabi/13.3.1/thumb/v7e-m+fp/hard/libgcc.a(_dvmd_tls.o)
 .ARM.attributes
                0x00000a13       0x34 /opt/st/stm32cubeide_1.19.0/plugins/com.st.stm32cube.ide.mcu.externaltools.gnu-tools-for-stm32.13.3.rel1.linux64_1.0.0.202410170706/tools/bin/../lib/gcc/arm-none-eabi/13.3.1/../../../../arm-none-eabi/lib/thumb/v7e-m+fp/hard/libnosys.a(sbrk.o)
 .ARM.attributes
                0x00000a47       0x22 /opt/st/stm32cubeide_1.19.0/plugins/com.st.stm32cube.ide.mcu.externaltools.gnu-tools-for-stm32.13.3.rel1.linux64_1.0.0.202410170706/tools/bin/../lib/gcc/arm-none-eabi/13.3.1/thumb/v7e-m+fp/hard/crtn.o
OUTPUT(001_Task.elf elf32-littlearm)
LOAD linker stubs
LOAD /opt/st/stm32cubeide_1.19.0/plugins/com.st.stm32cube.ide.mcu.externaltools.gnu-tools-for-stm32.13.3.rel1.linux64_1.0.0.202410170706/tools/bin/../lib/gcc/arm-none-eabi/13.3.1/../../../../arm-none-eabi/lib/thumb/v7e-m+fp/hard/libc.a
LOAD /opt/st/stm32cubeide_1.19.0/plugins/com.st.stm32cube.ide.mcu.externaltools.gnu-tools-for-stm32.13.3.rel1.linux64_1.0.0.202410170706/tools/bin/../lib/gcc/arm-none-eabi/13.3.1/../../../../arm-none-eabi/lib/thumb/v7e-m+fp/hard/libm.a
LOAD /opt/st/stm32cubeide_1.19.0/plugins/com.st.stm32cube.ide.mcu.externaltools.gnu-tools-for-stm32.13.3.rel1.linux64_1.0.0.202410170706/tools/bin/../lib/gcc/arm-none-eabi/13.3.1/thumb/v7e-m+fp/hard/libgcc.a

.debug_info     0x00000000    0x10a1a
 .debug_info    0x00000000     0x156f ./Core/Src/main.o
 .debug_info    0x0000156f      0x299 ./Core/Src/stm32f4xx_hal_msp.o
 .debug_info    0x00001808      0xc44 ./Core/Src/stm32f4xx_hal_timebase_tim.o
 .debug_info    0x0000244c      0x6ab ./Core/Src/stm32f4xx_it.o
 .debug_info    0x00002af7      0x6d1 ./Core/Src/syscalls.o
 .debug_info    0x000031c8      0x54a ./Core/Src/system_stm32f4xx.o
 .debug_info    0x00003712       0x30 ./Core/Startup/startup_stm32f446retx.o
 .debug_info    0x00003742      0x99a ./Drivers/STM32F4xx_HAL_Driver/Src/stm32f4xx_hal.o
 .debug_info    0x000040dc      0xdaa ./Drivers/STM32F4xx_HAL_Driver/Src/stm32f4xx_hal_cortex.o
 .debug_info    0x00004e86      0x70b ./Drivers/STM32F4xx_HAL_Driver/Src/stm32f4xx_hal_gpio.o
 .debug_info    0x00005591      0x8ff ./Drivers/STM32F4xx_HAL_Driver/Src/stm32f4xx_hal_rcc.o
 .debug_info    0x00005e90      0x960 ./Drivers/STM32F4xx_HAL_Driver/Src/stm32f4xx_hal_rcc_ex.o
 .debug_info    0x000067f0     0x299d ./Drivers/STM32F4xx_HAL_Driver/Src/stm32f4xx_hal_tim.o
 .debug_info    0x0000918d     0x14db ./Drivers/STM32F4xx_HAL_Driver/Src/stm32f4xx_hal_tim_ex.o
 .debug_info    0x0000a668      0x2aa ./ThirdParty/FreeRTOS/list.o
 .debug_info    0x0000a912     0x1a40 ./ThirdParty/FreeRTOS/queue.o
 .debug_info    0x0000c352     0x280f ./ThirdParty/FreeRTOS/tasks.o
 .debug_info    0x0000eb61     0x1379 ./ThirdParty/FreeRTOS/timers.o
 .debug_info    0x0000feda      0x569 ./ThirdParty/FreeRTOS/portable/GCC/ARM_CM4F/port.o
 .debug_info    0x00010443      0x5d7 ./ThirdParty/FreeRTOS/portable/MemMang/heap_4.o

.debug_abbrev   0x00000000     0x2ac9
 .debug_abbrev  0x00000000      0x32e ./Core/Src/main.o
 .debug_abbrev  0x0000032e       0xd8 ./Core/Src/stm32f4xx_hal_msp.o
 .debug_abbrev  0x00000406      0x1f4 ./Core/Src/stm32f4xx_hal_timebase_tim.o
 .debug_abbrev  0x000005fa      0x17d ./Core/Src/stm32f4xx_it.o
 .debug_abbrev  0x00000777      0x1b1 ./Core/Src/syscalls.o
 .debug_abbrev  0x00000928      0x11a ./Core/Src/system_stm32f4xx.o
 .debug_abbrev  0x00000a42       0x24 ./Core/Startup/startup_stm32f446retx.o
 .debug_abbrev  0x00000a66      0x214 ./Drivers/STM32F4xx_HAL_Driver/Src/stm32f4xx_hal.o
 .debug_abbrev  0x00000c7a      0x31d ./Drivers/STM32F4xx_HAL_Driver/Src/stm32f4xx_hal_cortex.o
 .debug_abbrev  0x00000f97      0x1d4 ./Drivers/STM32F4xx_HAL_Driver/Src/stm32f4xx_hal_gpio.o
 .debug_abbrev  0x0000116b      0x2b7 ./Drivers/STM32F4xx_HAL_Driver/Src/stm32f4xx_hal_rcc.o
 .debug_abbrev  0x00001422      0x211 ./Drivers/STM32F4xx_HAL_Driver/Src/stm32f4xx_hal_rcc_ex.o
 .debug_abbrev  0x00001633      0x278 ./Drivers/STM32F4xx_HAL_Driver/Src/stm32f4xx_hal_tim.o
 .debug_abbrev  0x000018ab      0x283 ./Drivers/STM32F4xx_HAL_Driver/Src/stm32f4xx_hal_tim_ex.o
 .debug_abbrev  0x00001b2e       0xee ./ThirdParty/FreeRTOS/list.o
 .debug_abbrev  0x00001c1c      0x344 ./ThirdParty/FreeRTOS/queue.o
 .debug_abbrev  0x00001f60      0x389 ./ThirdParty/FreeRTOS/tasks.o
 .debug_abbrev  0x000022e9      0x351 ./ThirdParty/FreeRTOS/timers.o
 .debug_abbrev  0x0000263a      0x235 ./ThirdParty/FreeRTOS/portable/GCC/ARM_CM4F/port.o
 .debug_abbrev  0x0000286f      0x25a ./ThirdParty/FreeRTOS/portable/MemMang/heap_4.o

.debug_aranges  0x00000000     0x1008
 .debug_aranges
                0x00000000       0x50 ./Core/Src/main.o
 .debug_aranges
                0x00000050       0x20 ./Core/Src/stm32f4xx_hal_msp.o
 .debug_aranges
                0x00000070       0x30 ./Core/Src/stm32f4xx_hal_timebase_tim.o
 .debug_aranges
                0x000000a0       0x50 ./Core/Src/stm32f4xx_it.o
 .debug_aranges
                0x000000f0       0xb0 ./Core/Src/syscalls.o
 .debug_aranges
                0x000001a0       0x28 ./Core/Src/system_stm32f4xx.o
 .debug_aranges
                0x000001c8       0x28 ./Core/Startup/startup_stm32f446retx.o
 .debug_aranges
                0x000001f0       0xf0 ./Drivers/STM32F4xx_HAL_Driver/Src/stm32f4xx_hal.o
 .debug_aranges
                0x000002e0      0x130 ./Drivers/STM32F4xx_HAL_Driver/Src/stm32f4xx_hal_cortex.o
 .debug_aranges
                0x00000410       0x58 ./Drivers/STM32F4xx_HAL_Driver/Src/stm32f4xx_hal_gpio.o
 .debug_aranges
                0x00000468       0x88 ./Drivers/STM32F4xx_HAL_Driver/Src/stm32f4xx_hal_rcc.o
 .debug_aranges
                0x000004f0       0x78 ./Drivers/STM32F4xx_HAL_Driver/Src/stm32f4xx_hal_rcc_ex.o
 .debug_aranges
                0x00000568      0x3d0 ./Drivers/STM32F4xx_HAL_Driver/Src/stm32f4xx_hal_tim.o
 .debug_aranges
                0x00000938      0x168 ./Drivers/STM32F4xx_HAL_Driver/Src/stm32f4xx_hal_tim_ex.o
 .debug_aranges
                0x00000aa0       0x40 ./ThirdParty/FreeRTOS/list.o
 .debug_aranges
                0x00000ae0      0x130 ./ThirdParty/FreeRTOS/queue.o
 .debug_aranges
                0x00000c10      0x218 ./ThirdParty/FreeRTOS/tasks.o
 .debug_aranges
                0x00000e28       0xf8 ./ThirdParty/FreeRTOS/timers.o
 .debug_aranges
                0x00000f20       0x80 ./ThirdParty/FreeRTOS/portable/GCC/ARM_CM4F/port.o
 .debug_aranges
                0x00000fa0       0x68 ./ThirdParty/FreeRTOS/portable/MemMang/heap_4.o

.debug_rnglists
                0x00000000      0xc63
 .debug_rnglists
                0x00000000       0x3a ./Core/Src/main.o
 .debug_rnglists
                0x0000003a       0x13 ./Core/Src/stm32f4xx_hal_msp.o
 .debug_rnglists
                0x0000004d       0x20 ./Core/Src/stm32f4xx_hal_timebase_tim.o
 .debug_rnglists
                0x0000006d       0x37 ./Core/Src/stm32f4xx_it.o
 .debug_rnglists
                0x000000a4       0x7f ./Core/Src/syscalls.o
 .debug_rnglists
                0x00000123       0x1a ./Core/Src/system_stm32f4xx.o
 .debug_rnglists
                0x0000013d       0x19 ./Core/Startup/startup_stm32f446retx.o
 .debug_rnglists
                0x00000156       0xaf ./Drivers/STM32F4xx_HAL_Driver/Src/stm32f4xx_hal.o
 .debug_rnglists
                0x00000205       0xe0 ./Drivers/STM32F4xx_HAL_Driver/Src/stm32f4xx_hal_cortex.o
 .debug_rnglists
                0x000002e5       0x3f ./Drivers/STM32F4xx_HAL_Driver/Src/stm32f4xx_hal_gpio.o
 .debug_rnglists
                0x00000324       0x66 ./Drivers/STM32F4xx_HAL_Driver/Src/stm32f4xx_hal_rcc.o
 .debug_rnglists
                0x0000038a       0x5e ./Drivers/STM32F4xx_HAL_Driver/Src/stm32f4xx_hal_rcc_ex.o
 .debug_rnglists
                0x000003e8      0x31a ./Drivers/STM32F4xx_HAL_Driver/Src/stm32f4xx_hal_tim.o
 .debug_rnglists
                0x00000702      0x125 ./Drivers/STM32F4xx_HAL_Driver/Src/stm32f4xx_hal_tim_ex.o
 .debug_rnglists
                0x00000827       0x2b ./ThirdParty/FreeRTOS/list.o
 .debug_rnglists
                0x00000852       0xed ./ThirdParty/FreeRTOS/queue.o
 .debug_rnglists
                0x0000093f      0x1bd ./ThirdParty/FreeRTOS/tasks.o
 .debug_rnglists
                0x00000afc       0xbc ./ThirdParty/FreeRTOS/timers.o
 .debug_rnglists
                0x00000bb8       0x5d ./ThirdParty/FreeRTOS/portable/GCC/ARM_CM4F/port.o
 .debug_rnglists
                0x00000c15       0x4e ./ThirdParty/FreeRTOS/portable/MemMang/heap_4.o

.debug_macro    0x00000000    0x248c0
 .debug_macro   0x00000000      0x323 ./Core/Src/main.o
 .debug_macro   0x00000323      0xad8 ./Core/Src/main.o
 .debug_macro   0x00000dfb      0x295 ./Core/Src/main.o
 .debug_macro   0x00001090       0x2e ./Core/Src/main.o
 .debug_macro   0x000010be       0x28 ./Core/Src/main.o
 .debug_macro   0x000010e6       0x22 ./Core/Src/main.o
 .debug_macro   0x00001108       0x8e ./Core/Src/main.o
 .debug_macro   0x00001196       0x51 ./Core/Src/main.o
 .debug_macro   0x000011e7      0x103 ./Core/Src/main.o
 .debug_macro   0x000012ea       0x6a ./Core/Src/main.o
 .debug_macro   0x00001354      0x1df ./Core/Src/main.o
 .debug_macro   0x00001533       0x1c ./Core/Src/main.o
 .debug_macro   0x0000154f       0x22 ./Core/Src/main.o
 .debug_macro   0x00001571       0xfb ./Core/Src/main.o
 .debug_macro   0x0000166c     0x1011 ./Core/Src/main.o
 .debug_macro   0x0000267d      0x11f ./Core/Src/main.o
 .debug_macro   0x0000279c    0x1675e ./Core/Src/main.o
 .debug_macro   0x00018efa       0x6d ./Core/Src/main.o
 .debug_macro   0x00018f67     0x3693 ./Core/Src/main.o
 .debug_macro   0x0001c5fa      0x190 ./Core/Src/main.o
 .debug_macro   0x0001c78a       0x5c ./Core/Src/main.o
 .debug_macro   0x0001c7e6      0xca5 ./Core/Src/main.o
 .debug_macro   0x0001d48b      0x9e9 ./Core/Src/main.o
 .debug_macro   0x0001de74      0x115 ./Core/Src/main.o
 .debug_macro   0x0001df89      0x1a0 ./Core/Src/main.o
 .debug_macro   0x0001e129       0xa5 ./Core/Src/main.o
 .debug_macro   0x0001e1ce      0x16d ./Core/Src/main.o
 .debug_macro   0x0001e33b      0x287 ./Core/Src/main.o
 .debug_macro   0x0001e5c2       0x5f ./Core/Src/main.o
 .debug_macro   0x0001e621      0x236 ./Core/Src/main.o
 .debug_macro   0x0001e857      0x132 ./Core/Src/main.o
 .debug_macro   0x0001e989      0x29c ./Core/Src/main.o
 .debug_macro   0x0001ec25       0x2e ./Core/Src/main.o
 .debug_macro   0x0001ec53      0x127 ./Core/Src/main.o
 .debug_macro   0x0001ed7a       0xe8 ./Core/Src/main.o
 .debug_macro   0x0001ee62       0x89 ./Core/Src/main.o
 .debug_macro   0x0001eeeb      0x8ed ./Core/Src/main.o
 .debug_macro   0x0001f7d8       0x53 ./Core/Src/main.o
 .debug_macro   0x0001f82b      0x126 ./Core/Src/main.o
 .debug_macro   0x0001f951       0x58 ./Core/Src/main.o
 .debug_macro   0x0001f9a9       0x61 ./Core/Src/main.o
 .debug_macro   0x0001fa0a       0x2a ./Core/Src/main.o
 .debug_macro   0x0001fa34       0x43 ./Core/Src/main.o
 .debug_macro   0x0001fa77       0x34 ./Core/Src/main.o
 .debug_macro   0x0001faab       0x16 ./Core/Src/main.o
 .debug_macro   0x0001fac1       0x3c ./Core/Src/main.o
 .debug_macro   0x0001fafd      0x370 ./Core/Src/main.o
 .debug_macro   0x0001fe6d       0x10 ./Core/Src/main.o
 .debug_macro   0x0001fe7d       0x16 ./Core/Src/main.o
 .debug_macro   0x0001fe93       0x4a ./Core/Src/main.o
 .debug_macro   0x0001fedd       0x34 ./Core/Src/main.o
 .debug_macro   0x0001ff11       0x10 ./Core/Src/main.o
 .debug_macro   0x0001ff21       0x58 ./Core/Src/main.o
 .debug_macro   0x0001ff79       0x8e ./Core/Src/main.o
 .debug_macro   0x00020007       0x1c ./Core/Src/main.o
 .debug_macro   0x00020023      0x185 ./Core/Src/main.o
 .debug_macro   0x000201a8       0x16 ./Core/Src/main.o
 .debug_macro   0x000201be       0x16 ./Core/Src/main.o
 .debug_macro   0x000201d4      0x146 ./Core/Src/main.o
 .debug_macro   0x0002031a       0x16 ./Core/Src/main.o
 .debug_macro   0x00020330      0x2af ./Core/Src/main.o
 .debug_macro   0x000205df      0x182 ./Core/Src/main.o
 .debug_macro   0x00020761       0xd2 ./Core/Src/main.o
 .debug_macro   0x00020833       0x22 ./Core/Src/main.o
 .debug_macro   0x00020855       0x1f ./Core/Src/main.o
 .debug_macro   0x00020874       0x12 ./Core/Src/main.o
 .debug_macro   0x00020886      0xf30 ./Core/Src/main.o
 .debug_macro   0x000217b6       0xc3 ./Core/Src/main.o
 .debug_macro   0x00021879      0x14f ./Core/Src/main.o
 .debug_macro   0x000219c8      0x1d3 ./Core/Src/stm32f4xx_hal_msp.o
 .debug_macro   0x00021b9b      0x1c4 ./Core/Src/stm32f4xx_hal_timebase_tim.o
 .debug_macro   0x00021d5f      0x1dd ./Core/Src/stm32f4xx_it.o
 .debug_macro   0x00021f3c      0x286 ./Core/Src/syscalls.o
 .debug_macro   0x000221c2       0x5b ./Core/Src/syscalls.o
 .debug_macro   0x0002221d       0x94 ./Core/Src/syscalls.o
 .debug_macro   0x000222b1       0x57 ./Core/Src/syscalls.o
 .debug_macro   0x00022308       0x10 ./Core/Src/syscalls.o
 .debug_macro   0x00022318       0x10 ./Core/Src/syscalls.o
 .debug_macro   0x00022328       0x10 ./Core/Src/syscalls.o
 .debug_macro   0x00022338       0x10 ./Core/Src/syscalls.o
 .debug_macro   0x00022348       0x1c ./Core/Src/syscalls.o
 .debug_macro   0x00022364       0x52 ./Core/Src/syscalls.o
 .debug_macro   0x000223b6       0x22 ./Core/Src/syscalls.o
 .debug_macro   0x000223d8       0x10 ./Core/Src/syscalls.o
 .debug_macro   0x000223e8       0x52 ./Core/Src/syscalls.o
 .debug_macro   0x0002243a       0xcf ./Core/Src/syscalls.o
 .debug_macro   0x00022509       0x1c ./Core/Src/syscalls.o
 .debug_macro   0x00022525       0x3d ./Core/Src/syscalls.o
 .debug_macro   0x00022562       0x35 ./Core/Src/syscalls.o
 .debug_macro   0x00022597      0x12c ./Core/Src/syscalls.o
 .debug_macro   0x000226c3       0x16 ./Core/Src/syscalls.o
 .debug_macro   0x000226d9       0x16 ./Core/Src/syscalls.o
 .debug_macro   0x000226ef       0x29 ./Core/Src/syscalls.o
 .debug_macro   0x00022718       0x10 ./Core/Src/syscalls.o
 .debug_macro   0x00022728      0x242 ./Core/Src/syscalls.o
 .debug_macro   0x0002296a       0x1c ./Core/Src/syscalls.o
 .debug_macro   0x00022986       0x10 ./Core/Src/syscalls.o
 .debug_macro   0x00022996      0x18a ./Core/Src/syscalls.o
 .debug_macro   0x00022b20       0x16 ./Core/Src/syscalls.o
 .debug_macro   0x00022b36       0xce ./Core/Src/syscalls.o
 .debug_macro   0x00022c04      0x1c4 ./Core/Src/system_stm32f4xx.o
 .debug_macro   0x00022dc8      0x224 ./Drivers/STM32F4xx_HAL_Driver/Src/stm32f4xx_hal.o
 .debug_macro   0x00022fec      0x1c4 ./Drivers/STM32F4xx_HAL_Driver/Src/stm32f4xx_hal_cortex.o
 .debug_macro   0x000231b0      0x1ca ./Drivers/STM32F4xx_HAL_Driver/Src/stm32f4xx_hal_gpio.o
 .debug_macro   0x0002337a      0x1e8 ./Drivers/STM32F4xx_HAL_Driver/Src/stm32f4xx_hal_rcc.o
 .debug_macro   0x00023562      0x1c4 ./Drivers/STM32F4xx_HAL_Driver/Src/stm32f4xx_hal_rcc_ex.o
 .debug_macro   0x00023726      0x1c5 ./Drivers/STM32F4xx_HAL_Driver/Src/stm32f4xx_hal_tim.o
 .debug_macro   0x000238eb      0x1c4 ./Drivers/STM32F4xx_HAL_Driver/Src/stm32f4xx_hal_tim_ex.o
 .debug_macro   0x00023aaf      0x1a3 ./ThirdParty/FreeRTOS/list.o
 .debug_macro   0x00023c52      0x23a ./ThirdParty/FreeRTOS/queue.o
 .debug_macro   0x00023e8c       0x16 ./ThirdParty/FreeRTOS/queue.o
 .debug_macro   0x00023ea2       0x20 ./ThirdParty/FreeRTOS/queue.o
 .debug_macro   0x00023ec2       0x8e ./ThirdParty/FreeRTOS/queue.o
 .debug_macro   0x00023f50      0x2c7 ./ThirdParty/FreeRTOS/tasks.o
 .debug_macro   0x00024217       0x17 ./ThirdParty/FreeRTOS/tasks.o
 .debug_macro   0x0002422e      0x1f2 ./ThirdParty/FreeRTOS/timers.o
 .debug_macro   0x00024420       0x9e ./ThirdParty/FreeRTOS/timers.o
 .debug_macro   0x000244be      0x1d0 ./ThirdParty/FreeRTOS/portable/GCC/ARM_CM4F/port.o
 .debug_macro   0x0002468e      0x232 ./ThirdParty/FreeRTOS/portable/MemMang/heap_4.o

.debug_line     0x00000000    0x11ba6
 .debug_line    0x00000000      0xa82 ./Core/Src/main.o
 .debug_line    0x00000a82      0x673 ./Core/Src/stm32f4xx_hal_msp.o
 .debug_line    0x000010f5      0x6f1 ./Core/Src/stm32f4xx_hal_timebase_tim.o
 .debug_line    0x000017e6      0x6fc ./Core/Src/stm32f4xx_it.o
 .debug_line    0x00001ee2      0x820 ./Core/Src/syscalls.o
 .debug_line    0x00002702      0x6e9 ./Core/Src/system_stm32f4xx.o
 .debug_line    0x00002deb       0x7a ./Core/Startup/startup_stm32f446retx.o
 .debug_line    0x00002e65      0x965 ./Drivers/STM32F4xx_HAL_Driver/Src/stm32f4xx_hal.o
 .debug_line    0x000037ca      0xc35 ./Drivers/STM32F4xx_HAL_Driver/Src/stm32f4xx_hal_cortex.o
 .debug_line    0x000043ff      0xaa9 ./Drivers/STM32F4xx_HAL_Driver/Src/stm32f4xx_hal_gpio.o
 .debug_line    0x00004ea8      0xd80 ./Drivers/STM32F4xx_HAL_Driver/Src/stm32f4xx_hal_rcc.o
 .debug_line    0x00005c28     0x1431 ./Drivers/STM32F4xx_HAL_Driver/Src/stm32f4xx_hal_rcc_ex.o
 .debug_line    0x00007059     0x36da ./Drivers/STM32F4xx_HAL_Driver/Src/stm32f4xx_hal_tim.o
 .debug_line    0x0000a733     0x18c5 ./Drivers/STM32F4xx_HAL_Driver/Src/stm32f4xx_hal_tim_ex.o
 .debug_line    0x0000bff8      0x73a ./ThirdParty/FreeRTOS/list.o
 .debug_line    0x0000c732     0x15e6 ./ThirdParty/FreeRTOS/queue.o
 .debug_line    0x0000dd18     0x1df1 ./ThirdParty/FreeRTOS/tasks.o
 .debug_line    0x0000fb09      0xd70 ./ThirdParty/FreeRTOS/timers.o
 .debug_line    0x00010879      0x855 ./ThirdParty/FreeRTOS/portable/GCC/ARM_CM4F/port.o
 .debug_line    0x000110ce      0xad8 ./ThirdParty/FreeRTOS/portable/MemMang/heap_4.o

.debug_str      0x00000000    0xdf961
 .debug_str     0x00000000    0xdf961 ./Core/Src/main.o
                              0xd65ee (size before relaxing)
 .debug_str     0x000df961    0xc7b0c ./Core/Src/stm32f4xx_hal_msp.o
 .debug_str     0x000df961    0xc85ce ./Core/Src/stm32f4xx_hal_timebase_tim.o
 .debug_str     0x000df961    0xc7f98 ./Core/Src/stm32f4xx_it.o
 .debug_str     0x000df961     0x9a84 ./Core/Src/syscalls.o
 .debug_str     0x000df961    0xc7a96 ./Core/Src/system_stm32f4xx.o
 .debug_str     0x000df961       0x76 ./Core/Startup/startup_stm32f446retx.o
 .debug_str     0x000df961    0xc865b ./Drivers/STM32F4xx_HAL_Driver/Src/stm32f4xx_hal.o
 .debug_str     0x000df961    0xc83b2 ./Drivers/STM32F4xx_HAL_Driver/Src/stm32f4xx_hal_cortex.o
 .debug_str     0x000df961    0xc7c11 ./Drivers/STM32F4xx_HAL_Driver/Src/stm32f4xx_hal_gpio.o
 .debug_str     0x000df961    0xc7ecf ./Drivers/STM32F4xx_HAL_Driver/Src/stm32f4xx_hal_rcc.o
 .debug_str     0x000df961    0xc7f02 ./Drivers/STM32F4xx_HAL_Driver/Src/stm32f4xx_hal_rcc_ex.o
 .debug_str     0x000df961    0xc8dfb ./Drivers/STM32F4xx_HAL_Driver/Src/stm32f4xx_hal_tim.o
 .debug_str     0x000df961    0xc8607 ./Drivers/STM32F4xx_HAL_Driver/Src/stm32f4xx_hal_tim_ex.o
 .debug_str     0x000df961    0x10812 ./ThirdParty/FreeRTOS/list.o
 .debug_str     0x000df961    0x1332a ./ThirdParty/FreeRTOS/queue.o
 .debug_str     0x000df961    0x13faa ./ThirdParty/FreeRTOS/tasks.o
 .debug_str     0x000df961    0x1377f ./ThirdParty/FreeRTOS/timers.o
 .debug_str     0x000df961     0xf295 ./ThirdParty/FreeRTOS/portable/GCC/ARM_CM4F/port.o
 .debug_str     0x000df961    0x12347 ./ThirdParty/FreeRTOS/portable/MemMang/heap_4.o

.comment        0x00000000       0x43
 .comment       0x00000000       0x43 ./Core/Src/main.o
                                 0x44 (size before relaxing)
 .comment       0x00000043       0x44 ./Core/Src/stm32f4xx_hal_msp.o
 .comment       0x00000043       0x44 ./Core/Src/stm32f4xx_hal_timebase_tim.o
 .comment       0x00000043       0x44 ./Core/Src/stm32f4xx_it.o
 .comment       0x00000043       0x44 ./Core/Src/syscalls.o
 .comment       0x00000043       0x44 ./Core/Src/system_stm32f4xx.o
 .comment       0x00000043       0x44 ./Drivers/STM32F4xx_HAL_Driver/Src/stm32f4xx_hal.o
 .comment       0x00000043       0x44 ./Drivers/STM32F4xx_HAL_Driver/Src/stm32f4xx_hal_cortex.o
 .comment       0x00000043       0x44 ./Drivers/STM32F4xx_HAL_Driver/Src/stm32f4xx_hal_gpio.o
 .comment       0x00000043       0x44 ./Drivers/STM32F4xx_HAL_Driver/Src/stm32f4xx_hal_rcc.o
 .comment       0x00000043       0x44 ./Drivers/STM32F4xx_HAL_Driver/Src/stm32f4xx_hal_rcc_ex.o
 .comment       0x00000043       0x44 ./Drivers/STM32F4xx_HAL_Driver/Src/stm32f4xx_hal_tim.o
 .comment       0x00000043       0x44 ./Drivers/STM32F4xx_HAL_Driver/Src/stm32f4xx_hal_tim_ex.o
 .comment       0x00000043       0x44 ./ThirdParty/FreeRTOS/list.o
 .comment       0x00000043       0x44 ./ThirdParty/FreeRTOS/queue.o
 .comment       0x00000043       0x44 ./ThirdParty/FreeRTOS/tasks.o
 .comment       0x00000043       0x44 ./ThirdParty/FreeRTOS/timers.o
 .comment       0x00000043       0x44 ./ThirdParty/FreeRTOS/portable/GCC/ARM_CM4F/port.o
 .comment       0x00000043       0x44 ./ThirdParty/FreeRTOS/portable/MemMang/heap_4.o

.debug_frame    0x00000000     0x4930
 .debug_frame   0x00000000       0xf4 ./Core/Src/main.o
 .debug_frame   0x000000f4       0x38 ./Core/Src/stm32f4xx_hal_msp.o
 .debug_frame   0x0000012c       0x74 ./Core/Src/stm32f4xx_hal_timebase_tim.o
 .debug_frame   0x000001a0       0xc4 ./Core/Src/stm32f4xx_it.o
 .debug_frame   0x00000264      0x2d4 ./Core/Src/syscalls.o
 .debug_frame   0x00000538       0x58 ./Core/Src/system_stm32f4xx.o
 .debug_frame   0x00000590      0x374 ./Drivers/STM32F4xx_HAL_Driver/Src/stm32f4xx_hal.o
 .debug_frame   0x00000904      0x508 ./Drivers/STM32F4xx_HAL_Driver/Src/stm32f4xx_hal_cortex.o
 .debug_frame   0x00000e0c      0x14c ./Drivers/STM32F4xx_HAL_Driver/Src/stm32f4xx_hal_gpio.o
 .debug_frame   0x00000f58      0x1f4 ./Drivers/STM32F4xx_HAL_Driver/Src/stm32f4xx_hal_rcc.o
 .debug_frame   0x0000114c      0x1e8 ./Drivers/STM32F4xx_HAL_Driver/Src/stm32f4xx_hal_rcc_ex.o
 .debug_frame   0x00001334     0x11c0 ./Drivers/STM32F4xx_HAL_Driver/Src/stm32f4xx_hal_tim.o
 .debug_frame   0x000024f4      0x638 ./Drivers/STM32F4xx_HAL_Driver/Src/stm32f4xx_hal_tim_ex.o
 .debug_frame   0x00002b2c       0xd8 ./ThirdParty/FreeRTOS/list.o
 .debug_frame   0x00002c04      0x528 ./ThirdParty/FreeRTOS/queue.o
 .debug_frame   0x0000312c      0x94c ./ThirdParty/FreeRTOS/tasks.o
 .debug_frame   0x00003a78      0x410 ./ThirdParty/FreeRTOS/timers.o
 .debug_frame   0x00003e88      0x1a8 ./ThirdParty/FreeRTOS/portable/GCC/ARM_CM4F/port.o